2026.06.27@23:52:49.938: [Logging System] [Information] Initialized logging system
2026.06.27@23:52:49.938: [MarasmiumKit App] [Information] Initialized logging system
2026.06.27@23:52:49.938: [Windowing System] [Information] Set fullscreen monitor index 0
2026.06.27@23:52:49.940: [Windowing System] [Information] Generated new window frame
2026.06.27@23:52:49.940: [Windowing System] [Warning] No title provided
2026.06.27@23:52:49.940: [Windowing System] [Warning] No dimensions provided
2026.06.27@23:52:49.941: [Windowing System] [Information] Set window to windowed mode
2026.06.27@23:52:50.003: [Windowing System] [Information] Set window title "MarasmiumKit App"
2026.06.27@23:52:50.004: [Windowing System] [Information] Set window dimensions vector(100.0, 100.0)
2026.06.27@23:52:50.005: [Windowing System] [Information] Initialized windowing system
2026.06.27@23:52:50.005: [MarasmiumKit App] [Information] Initialized windowing system
2026.06.27@23:52:50.006: [User-Input Management System] [Information] Initialized keyboard user-input management system
2026.06.27@23:52:50.007: [User-Input Management System] [Information] Initialized mouse user-input management system
2026.06.27@23:52:50.007: [User-Input Management System] [Information] Initialized user-input management system
2026.06.27@23:52:50.007: [MarasmiumKit App] [Information] Initialized user-input management system
2026.06.27@23:52:50.007: [Network Client] [Information] Set maximum messages to process per update -1
2026.06.27@23:52:50.007: [Network Client] [Information] Initialized network client
2026.06.27@23:52:50.007: [MarasmiumKit App] [Information] Initialized network client
2026.06.27@23:52:50.007: [Graphics System] [Information] Target FPS set to 60 -> FPMS=0.06, MSPF=16
2026.06.27@23:52:50.007: [Graphics System] [Information] Maximum UPF set to 8
2026.06.27@23:52:50.007: [Graphics System] [Information] Initialized graphics system
2026.06.27@23:52:50.007: [MarasmiumKit App] [Information] Initialized graphics system
2026.06.27@23:52:50.007: [MarasmiumKit App] [Information] Scene 0 not added
2026.06.27@23:52:50.007: [MarasmiumKit App] [Information] Adding scene 0
2026.06.27@23:52:50.007: [MarasmiumKit App] [Information] Scene 0 requires initialization
2026.06.27@23:52:50.007: [Test Scene 1] [Information] Initializing test scene 1
2026.06.27@23:52:50.007: [MarasmiumKit App] [Information] Entering new scene 1
2026.06.27@23:52:50.007: [Test Scene 1] [Information] Entering test scene 1
2026.06.27@23:52:50.007: [User-Input Management System] [Information] Adding user-input listener
2026.06.27@23:52:50.007: [Network Client] [Information] Adding network listener
2026.06.27@23:52:50.007: [MarasmiumKit App] [Information] Set initial scene
2026.06.27@23:52:50.008: [MarasmiumKit App] [Information] Initialized MarasmiumKit application framework
2026.06.27@23:52:50.008: [MarasmiumKit App] [Information] Starting main application loop
2026.06.27@23:53:13.088: [Network Client] [Information] Attempting connection to localhost:222 within 10s
2026.06.27@23:53:13.094: [Test Scene 1] [Information] Attempting connection to server at localhost:222
2026.06.27@23:53:13.094: [Network Client] [Information] Started connection thread
2026.06.27@23:53:13.107: [Network Client] [Information] Connected to localhost:222
2026.06.27@23:53:13.107: [Test Scene 1] [Information] Network client connected
2026.06.27@23:53:13.128: [Test Scene 1] [Information] Clients already connected: [0, 1]
2026.06.27@23:53:23.151: [Test Scene 1] [Information] Dispatched message to server
2026.06.27@23:53:23.464: [Test Scene 1] [Information] Dispatched message to server
2026.06.27@23:53:23.739: [Test Scene 1] [Information] Dispatched message to server
2026.06.27@23:53:24.002: [Test Scene 1] [Information] Dispatched message to server
2026.06.27@23:53:25.066: [Test Scene 1] [Information] Client 1 gave position vector(24.0, 43.0)
2026.06.27@23:53:25.242: [Test Scene 1] [Information] Client 1 gave position vector(24.0, 43.0)
2026.06.27@23:53:25.420: [Test Scene 1] [Information] Client 1 gave position vector(24.0, 43.0)
2026.06.27@23:53:26.057: [Test Scene 1] [Information] Client 0 gave position vector(71.0, 66.0)
2026.06.27@23:53:26.253: [Test Scene 1] [Information] Client 0 gave position vector(71.0, 66.0)
2026.06.27@23:53:26.405: [Test Scene 1] [Information] Client 0 gave position vector(71.0, 66.0)
2026.06.27@23:53:38.756: [Test Scene 1] [Information] Dispatched message to server
2026.06.27@23:53:39.692: [Network Client] [Information] Disconnecting network client from localhost:222
2026.06.27@23:53:39.694: [Network Client] [Information] Stopped connection thread
2026.06.27@23:53:39.694: [Test Scene 1] [Information] Disconnected from server
2026.06.27@23:53:39.694: [Network Client] [Information] Disconnected
2026.06.27@23:53:39.694: [Test Scene 1] [Information] Network client disconnected
2026.06.27@23:53:44.328: [Test Scene 1] [Warning] Cannot send messages, not connected to server
2026.06.27@23:53:44.460: [Test Scene 1] [Warning] Cannot send messages, not connected to server
2026.06.27@23:53:44.652: [Test Scene 1] [Warning] Cannot send messages, not connected to server
2026.06.27@23:54:04.249: [Test Scene 1] [Warning] Cannot send messages, not connected to server
2026.06.27@23:54:04.426: [Test Scene 1] [Warning] Cannot send messages, not connected to server
2026.06.27@23:54:04.860: [Network Client] [Information] Attempting connection to localhost:222 within 10s
2026.06.27@23:54:04.860: [Test Scene 1] [Information] Attempting connection to server at localhost:222
2026.06.27@23:54:04.860: [Network Client] [Information] Started connection thread
2026.06.27@23:54:04.880: [Network Client] [Information] Connected to localhost:222
2026.06.27@23:54:04.880: [Test Scene 1] [Information] Network client connected
2026.06.27@23:54:04.880: [Test Scene 1] [Information] Clients already connected: [4, 10]
2026.06.27@23:54:05.390: [Test Scene 1] [Information] Client 4 gave position vector(26.0, 32.0)
2026.06.27@23:54:05.607: [Test Scene 1] [Information] Client 4 gave position vector(26.0, 32.0)
2026.06.27@23:54:05.882: [Test Scene 1] [Information] Client 4 gave position vector(26.0, 32.0)
2026.06.27@23:54:06.134: [Test Scene 1] [Information] Client 4 gave position vector(26.0, 32.0)
2026.06.27@23:54:07.334: [Test Scene 1] [Information] Client 4 disconnected from server
2026.06.27@23:54:08.530: [Test Scene 1] [Information] New client 12 connected to server
2026.06.27@23:54:09.781: [Test Scene 1] [Information] Client 12 gave position vector(42.0, 44.0)
2026.06.27@23:54:10.130: [Test Scene 1] [Information] Client 12 gave position vector(64.0, 55.0)
2026.06.27@23:54:11.779: [Test Scene 1] [Warning] Unknown message type from client: 0: network message(type 100, 81B)
2026.06.27@23:54:11.779: [Test Scene 1] [Warning] Unknown message type from client: 0: network message(type 101, 81B)
2026.06.27@23:54:11.779: [Test Scene 1] [Warning] Unknown message type from client: 0: network message(type 102, 81B)
2026.06.27@23:54:11.779: [Test Scene 1] [Warning] Unknown message type from client: 0: network message(type 103, 81B)
2026.06.27@23:54:11.779: [Test Scene 1] [Warning] Unknown message type from client: 0: network message(type 104, 81B)
2026.06.27@23:54:11.779: [Test Scene 1] [Warning] Unknown message type from client: 0: network message(type 105, 81B)
2026.06.27@23:54:11.779: [Test Scene 1] [Warning] Unknown message type from client: 0: network message(type 106, 81B)
2026.06.27@23:54:11.779: [Test Scene 1] [Warning] Unknown message type from client: 0: network message(type 107, 81B)
2026.06.27@23:54:11.779: [Test Scene 1] [Warning] Unknown message type from client: 0: network message(type 108, 81B)
2026.06.27@23:54:11.779: [Test Scene 1] [Warning] Unknown message type from client: 0: network message(type 109, 81B)
2026.06.27@23:54:11.779: [Test Scene 1] [Warning] Unknown message type from client: 0: network message(type 110, 81B)
2026.06.27@23:54:11.779: [Test Scene 1] [Warning] Unknown message type from client: 0: network message(type 111, 81B)
2026.06.27@23:54:11.779: [Test Scene 1] [Warning] Unknown message type from client: 0: network message(type 112, 81B)
2026.06.27@23:54:11.779: [Test Scene 1] [Warning] Unknown message type from client: 0: network message(type 113, 81B)
2026.06.27@23:54:11.779: [Test Scene 1] [Warning] Unknown message type from client: 0: network message(type 114, 81B)
2026.06.27@23:54:11.779: [Test Scene 1] [Warning] Unknown message type from client: 0: network message(type 115, 81B)
2026.06.27@23:54:11.779: [Test Scene 1] [Warning] Unknown message type from client: 0: network message(type 116, 81B)
2026.06.27@23:54:11.779: [Test Scene 1] [Warning] Unknown message type from client: 0: network message(type 117, 81B)
2026.06.27@23:54:11.779: [Test Scene 1] [Warning] Unknown message type from client: 0: network message(type 118, 81B)
2026.06.27@23:54:11.779: [Test Scene 1] [Warning] Unknown message type from client: 0: network message(type 119, 81B)
2026.06.27@23:54:11.779: [Test Scene 1] [Warning] Unknown message type from client: 0: network message(type 120, 81B)
2026.06.27@23:54:11.779: [Test Scene 1] [Warning] Unknown message type from client: 0: network message(type 121, 81B)
2026.06.27@23:54:11.779: [Test Scene 1] [Warning] Unknown message type from client: 0: network message(type 122, 81B)
2026.06.27@23:54:11.779: [Test Scene 1] [Warning] Unknown message type from client: 0: network message(type 123, 81B)
2026.06.27@23:54:11.779: [Test Scene 1] [Warning] Unknown message type from client: 0: network message(type 124, 81B)
2026.06.27@23:54:11.779: [Test Scene 1] [Warning] Unknown message type from client: 0: network message(type 125, 81B)
2026.06.27@23:54:11.779: [Test Scene 1] [Warning] Unknown message type from client: 0: network message(type 126, 81B)
2026.06.27@23:54:11.779: [Test Scene 1] [Warning] Unknown message type from client: 0: network message(type 127, 81B)
2026.06.27@23:54:11.779: [Test Scene 1] [Warning] Unknown message type from client: 0: network message(type 128, 81B)
2026.06.27@23:54:11.780: [Test Scene 1] [Warning] Unknown message type from client: 0: network message(type 129, 81B)
2026.06.27@23:54:11.780: [Test Scene 1] [Warning] Unknown message type from client: 0: network message(type 130, 81B)
2026.06.27@23:54:11.780: [Test Scene 1] [Warning] Unknown message type from client: 0: network message(type 131, 81B)
2026.06.27@23:54:11.780: [Test Scene 1] [Warning] Unknown message type from client: 0: network message(type 132, 81B)
2026.06.27@23:54:11.780: [Test Scene 1] [Warning] Unknown message type from client: 0: network message(type 133, 81B)
2026.06.27@23:54:11.780: [Test Scene 1] [Warning] Unknown message type from client: 0: network message(type 134, 81B)
2026.06.27@23:54:11.780: [Test Scene 1] [Warning] Unknown message type from client: 0: network message(type 135, 81B)
2026.06.27@23:54:11.780: [Test Scene 1] [Warning] Unknown message type from client: 0: network message(type 136, 81B)
2026.06.27@23:54:11.780: [Test Scene 1] [Warning] Unknown message type from client: 0: network message(type 137, 81B)
2026.06.27@23:54:11.780: [Test Scene 1] [Warning] Unknown message type from client: 0: network message(type 138, 81B)
2026.06.27@23:54:11.780: [Test Scene 1] [Warning] Unknown message type from client: 0: network message(type 139, 81B)
2026.06.27@23:54:11.780: [Test Scene 1] [Warning] Unknown message type from client: 0: network message(type 140, 81B)
2026.06.27@23:54:11.780: [Test Scene 1] [Warning] Unknown message type from client: 0: network message(type 141, 81B)
2026.06.27@23:54:11.780: [Test Scene 1] [Warning] Unknown message type from client: 0: network message(type 142, 81B)
2026.06.27@23:54:11.780: [Test Scene 1] [Warning] Unknown message type from client: 0: network message(type 143, 81B)
2026.06.27@23:54:11.780: [Test Scene 1] [Warning] Unknown message type from client: 0: network message(type 144, 81B)
2026.06.27@23:54:11.780: [Test Scene 1] [Warning] Unknown message type from client: 0: network message(type 145, 81B)
2026.06.27@23:54:11.780: [Test Scene 1] [Warning] Unknown message type from client: 0: network message(type 146, 81B)
2026.06.27@23:54:11.780: [Test Scene 1] [Warning] Unknown message type from client: 0: network message(type 147, 81B)
2026.06.27@23:54:11.780: [Test Scene 1] [Warning] Unknown message type from client: 0: network message(type 148, 81B)
2026.06.27@23:54:11.780: [Test Scene 1] [Warning] Unknown message type from client: 0: network message(type 149, 81B)
2026.06.27@23:54:11.780: [Test Scene 1] [Warning] Unknown message type from client: 0: network message(type 150, 81B)
2026.06.27@23:54:11.780: [Test Scene 1] [Warning] Unknown message type from client: 0: network message(type 151, 81B)
2026.06.27@23:54:11.780: [Test Scene 1] [Warning] Unknown message type from client: 0: network message(type 152, 81B)
2026.06.27@23:54:11.780: [Test Scene 1] [Warning] Unknown message type from client: 0: network message(type 153, 81B)
2026.06.27@23:54:11.780: [Test Scene 1] [Warning] Unknown message type from client: 0: network message(type 154, 81B)
2026.06.27@23:54:11.780: [Test Scene 1] [Warning] Unknown message type from client: 0: network message(type 155, 81B)
2026.06.27@23:54:11.780: [Test Scene 1] [Warning] Unknown message type from client: 0: network message(type 156, 81B)
2026.06.27@23:54:11.780: [Test Scene 1] [Warning] Unknown message type from client: 0: network message(type 157, 81B)
2026.06.27@23:54:11.780: [Test Scene 1] [Warning] Unknown message type from client: 0: network message(type 158, 81B)
2026.06.27@23:54:11.780: [Test Scene 1] [Warning] Unknown message type from client: 0: network message(type 159, 81B)
2026.06.27@23:54:11.780: [Test Scene 1] [Warning] Unknown message type from client: 0: network message(type 160, 81B)
2026.06.27@23:54:11.780: [Test Scene 1] [Warning] Unknown message type from client: 0: network message(type 161, 81B)
2026.06.27@23:54:11.780: [Test Scene 1] [Warning] Unknown message type from client: 0: network message(type 162, 81B)
2026.06.27@23:54:11.780: [Test Scene 1] [Warning] Unknown message type from client: 0: network message(type 163, 81B)
2026.06.27@23:54:11.780: [Test Scene 1] [Warning] Unknown message type from client: 0: network message(type 164, 81B)
2026.06.27@23:54:11.780: [Test Scene 1] [Warning] Unknown message type from client: 0: network message(type 165, 81B)
2026.06.27@23:54:11.780: [Test Scene 1] [Warning] Unknown message type from client: 0: network message(type 166, 81B)
2026.06.27@23:54:11.780: [Test Scene 1] [Warning] Unknown message type from client: 0: network message(type 167, 81B)
2026.06.27@23:54:11.780: [Test Scene 1] [Warning] Unknown message type from client: 0: network message(type 168, 81B)
2026.06.27@23:54:11.780: [Test Scene 1] [Warning] Unknown message type from client: 0: network message(type 169, 81B)
2026.06.27@23:54:11.780: [Test Scene 1] [Warning] Unknown message type from client: 0: network message(type 170, 81B)
2026.06.27@23:54:11.780: [Test Scene 1] [Warning] Unknown message type from client: 0: network message(type 171, 81B)
2026.06.27@23:54:11.780: [Test Scene 1] [Warning] Unknown message type from client: 0: network message(type 172, 81B)
2026.06.27@23:54:11.780: [Test Scene 1] [Warning] Unknown message type from client: 0: network message(type 173, 81B)
2026.06.27@23:54:11.780: [Test Scene 1] [Warning] Unknown message type from client: 0: network message(type 174, 81B)
2026.06.27@23:54:11.780: [Test Scene 1] [Warning] Unknown message type from client: 0: network message(type 175, 81B)
2026.06.27@23:54:11.780: [Test Scene 1] [Warning] Unknown message type from client: 0: network message(type 176, 81B)
2026.06.27@23:54:11.780: [Test Scene 1] [Warning] Unknown message type from client: 0: network message(type 177, 81B)
2026.06.27@23:54:11.780: [Test Scene 1] [Warning] Unknown message type from client: 0: network message(type 178, 81B)
2026.06.27@23:54:11.780: [Test Scene 1] [Warning] Unknown message type from client: 0: network message(type 179, 81B)
2026.06.27@23:54:11.780: [Test Scene 1] [Warning] Unknown message type from client: 0: network message(type 180, 81B)
2026.06.27@23:54:11.780: [Test Scene 1] [Warning] Unknown message type from client: 0: network message(type 181, 81B)
2026.06.27@23:54:11.780: [Test Scene 1] [Warning] Unknown message type from client: 0: network message(type 182, 81B)
2026.06.27@23:54:11.780: [Test Scene 1] [Warning] Unknown message type from client: 0: network message(type 183, 81B)
2026.06.27@23:54:11.780: [Test Scene 1] [Warning] Unknown message type from client: 0: network message(type 184, 81B)
2026.06.27@23:54:11.780: [Test Scene 1] [Warning] Unknown message type from client: 0: network message(type 185, 81B)
2026.06.27@23:54:11.781: [Test Scene 1] [Warning] Unknown message type from client: 0: network message(type 186, 81B)
2026.06.27@23:54:11.781: [Test Scene 1] [Warning] Unknown message type from client: 0: network message(type 187, 81B)
2026.06.27@23:54:11.781: [Test Scene 1] [Warning] Unknown message type from client: 0: network message(type 188, 81B)
2026.06.27@23:54:11.781: [Test Scene 1] [Warning] Unknown message type from client: 0: network message(type 189, 81B)
2026.06.27@23:54:11.781: [Test Scene 1] [Warning] Unknown message type from client: 0: network message(type 190, 81B)
2026.06.27@23:54:11.781: [Test Scene 1] [Warning] Unknown message type from client: 0: network message(type 191, 81B)
2026.06.27@23:54:11.781: [Test Scene 1] [Warning] Unknown message type from client: 0: network message(type 192, 81B)
2026.06.27@23:54:11.781: [Test Scene 1] [Warning] Unknown message type from client: 0: network message(type 193, 81B)
2026.06.27@23:54:11.781: [Test Scene 1] [Warning] Unknown message type from client: 0: network message(type 194, 81B)
2026.06.27@23:54:11.781: [Test Scene 1] [Warning] Unknown message type from client: 0: network message(type 195, 81B)
2026.06.27@23:54:11.781: [Test Scene 1] [Warning] Unknown message type from client: 0: network message(type 196, 81B)
2026.06.27@23:54:11.781: [Test Scene 1] [Warning] Unknown message type from client: 0: network message(type 197, 81B)
2026.06.27@23:54:11.781: [Test Scene 1] [Warning] Unknown message type from client: 0: network message(type 198, 81B)
2026.06.27@23:54:11.781: [Test Scene 1] [Warning] Unknown message type from client: 0: network message(type 199, 81B)
2026.06.27@23:54:13.210: [Test Scene 1] [Information] Client 10 gave position vector(64.0, 45.0)
2026.06.27@23:54:13.461: [Test Scene 1] [Warning] Unknown message type from client: 0: network message(type 100, 81B)
2026.06.27@23:54:13.462: [Test Scene 1] [Warning] Unknown message type from client: 0: network message(type 101, 81B)
2026.06.27@23:54:13.462: [Test Scene 1] [Warning] Unknown message type from client: 0: network message(type 102, 81B)
2026.06.27@23:54:13.462: [Test Scene 1] [Warning] Unknown message type from client: 0: network message(type 103, 81B)
2026.06.27@23:54:13.462: [Test Scene 1] [Warning] Unknown message type from client: 0: network message(type 104, 81B)
2026.06.27@23:54:13.462: [Test Scene 1] [Warning] Unknown message type from client: 0: network message(type 105, 81B)
2026.06.27@23:54:13.462: [Test Scene 1] [Warning] Unknown message type from client: 0: network message(type 106, 81B)
2026.06.27@23:54:13.462: [Test Scene 1] [Warning] Unknown message type from client: 0: network message(type 107, 81B)
2026.06.27@23:54:13.462: [Test Scene 1] [Warning] Unknown message type from client: 0: network message(type 108, 81B)
2026.06.27@23:54:13.462: [Test Scene 1] [Warning] Unknown message type from client: 0: network message(type 109, 81B)
2026.06.27@23:54:13.462: [Test Scene 1] [Warning] Unknown message type from client: 0: network message(type 110, 81B)
2026.06.27@23:54:13.462: [Test Scene 1] [Warning] Unknown message type from client: 0: network message(type 111, 81B)
2026.06.27@23:54:13.462: [Test Scene 1] [Warning] Unknown message type from client: 0: network message(type 112, 81B)
2026.06.27@23:54:13.462: [Test Scene 1] [Warning] Unknown message type from client: 0: network message(type 113, 81B)
2026.06.27@23:54:13.462: [Test Scene 1] [Warning] Unknown message type from client: 0: network message(type 114, 81B)
2026.06.27@23:54:13.462: [Test Scene 1] [Warning] Unknown message type from client: 0: network message(type 115, 81B)
2026.06.27@23:54:13.462: [Test Scene 1] [Warning] Unknown message type from client: 0: network message(type 116, 81B)
2026.06.27@23:54:13.462: [Test Scene 1] [Warning] Unknown message type from client: 0: network message(type 117, 81B)
2026.06.27@23:54:13.462: [Test Scene 1] [Warning] Unknown message type from client: 0: network message(type 118, 81B)
2026.06.27@23:54:13.462: [Test Scene 1] [Warning] Unknown message type from client: 0: network message(type 119, 81B)
2026.06.27@23:54:13.462: [Test Scene 1] [Warning] Unknown message type from client: 0: network message(type 120, 81B)
2026.06.27@23:54:13.462: [Test Scene 1] [Warning] Unknown message type from client: 0: network message(type 121, 81B)
2026.06.27@23:54:13.462: [Test Scene 1] [Warning] Unknown message type from client: 0: network message(type 122, 81B)
2026.06.27@23:54:13.462: [Test Scene 1] [Warning] Unknown message type from client: 0: network message(type 123, 81B)
2026.06.27@23:54:13.462: [Test Scene 1] [Warning] Unknown message type from client: 0: network message(type 124, 81B)
2026.06.27@23:54:13.462: [Test Scene 1] [Warning] Unknown message type from client: 0: network message(type 125, 81B)
2026.06.27@23:54:13.462: [Test Scene 1] [Warning] Unknown message type from client: 0: network message(type 126, 81B)
2026.06.27@23:54:13.462: [Test Scene 1] [Warning] Unknown message type from client: 0: network message(type 127, 81B)
2026.06.27@23:54:13.462: [Test Scene 1] [Warning] Unknown message type from client: 0: network message(type 128, 81B)
2026.06.27@23:54:13.462: [Test Scene 1] [Warning] Unknown message type from client: 0: network message(type 129, 81B)
2026.06.27@23:54:13.462: [Test Scene 1] [Warning] Unknown message type from client: 0: network message(type 130, 81B)
2026.06.27@23:54:13.462: [Test Scene 1] [Warning] Unknown message type from client: 0: network message(type 131, 81B)
2026.06.27@23:54:13.462: [Test Scene 1] [Warning] Unknown message type from client: 0: network message(type 132, 81B)
2026.06.27@23:54:13.462: [Test Scene 1] [Warning] Unknown message type from client: 0: network message(type 133, 81B)
2026.06.27@23:54:13.462: [Test Scene 1] [Warning] Unknown message type from client: 0: network message(type 134, 81B)
2026.06.27@23:54:13.462: [Test Scene 1] [Warning] Unknown message type from client: 0: network message(type 135, 81B)
2026.06.27@23:54:13.462: [Test Scene 1] [Warning] Unknown message type from client: 0: network message(type 136, 81B)
2026.06.27@23:54:13.462: [Test Scene 1] [Warning] Unknown message type from client: 0: network message(type 137, 81B)
2026.06.27@23:54:13.462: [Test Scene 1] [Warning] Unknown message type from client: 0: network message(type 138, 81B)
2026.06.27@23:54:13.462: [Test Scene 1] [Warning] Unknown message type from client: 0: network message(type 139, 81B)
2026.06.27@23:54:13.462: [Test Scene 1] [Warning] Unknown message type from client: 0: network message(type 140, 81B)
2026.06.27@23:54:13.462: [Test Scene 1] [Warning] Unknown message type from client: 0: network message(type 141, 81B)
2026.06.27@23:54:13.462: [Test Scene 1] [Warning] Unknown message type from client: 0: network message(type 142, 81B)
2026.06.27@23:54:13.462: [Test Scene 1] [Warning] Unknown message type from client: 0: network message(type 143, 81B)
2026.06.27@23:54:13.462: [Test Scene 1] [Warning] Unknown message type from client: 0: network message(type 144, 81B)
2026.06.27@23:54:13.462: [Test Scene 1] [Warning] Unknown message type from client: 0: network message(type 145, 81B)
2026.06.27@23:54:13.462: [Test Scene 1] [Warning] Unknown message type from client: 0: network message(type 146, 81B)
2026.06.27@23:54:13.462: [Test Scene 1] [Warning] Unknown message type from client: 0: network message(type 147, 81B)
2026.06.27@23:54:13.462: [Test Scene 1] [Warning] Unknown message type from client: 0: network message(type 148, 81B)
2026.06.27@23:54:13.462: [Test Scene 1] [Warning] Unknown message type from client: 0: network message(type 149, 81B)
2026.06.27@23:54:13.462: [Test Scene 1] [Warning] Unknown message type from client: 0: network message(type 150, 81B)
2026.06.27@23:54:13.462: [Test Scene 1] [Warning] Unknown message type from client: 0: network message(type 151, 81B)
2026.06.27@23:54:13.462: [Test Scene 1] [Warning] Unknown message type from client: 0: network message(type 152, 81B)
2026.06.27@23:54:13.462: [Test Scene 1] [Warning] Unknown message type from client: 0: network message(type 153, 81B)
2026.06.27@23:54:13.462: [Test Scene 1] [Warning] Unknown message type from client: 0: network message(type 154, 81B)
2026.06.27@23:54:13.462: [Test Scene 1] [Warning] Unknown message type from client: 0: network message(type 155, 81B)
2026.06.27@23:54:13.462: [Test Scene 1] [Warning] Unknown message type from client: 0: network message(type 156, 81B)
2026.06.27@23:54:13.462: [Test Scene 1] [Warning] Unknown message type from client: 0: network message(type 157, 81B)
2026.06.27@23:54:13.462: [Test Scene 1] [Warning] Unknown message type from client: 0: network message(type 158, 81B)
2026.06.27@23:54:13.462: [Test Scene 1] [Warning] Unknown message type from client: 0: network message(type 159, 81B)
2026.06.27@23:54:13.463: [Test Scene 1] [Warning] Unknown message type from client: 0: network message(type 160, 81B)
2026.06.27@23:54:13.463: [Test Scene 1] [Warning] Unknown message type from client: 0: network message(type 161, 81B)
2026.06.27@23:54:13.463: [Test Scene 1] [Warning] Unknown message type from client: 0: network message(type 162, 81B)
2026.06.27@23:54:13.463: [Test Scene 1] [Warning] Unknown message type from client: 0: network message(type 163, 81B)
2026.06.27@23:54:13.463: [Test Scene 1] [Warning] Unknown message type from client: 0: network message(type 164, 81B)
2026.06.27@23:54:13.463: [Test Scene 1] [Warning] Unknown message type from client: 0: network message(type 165, 81B)
2026.06.27@23:54:13.463: [Test Scene 1] [Warning] Unknown message type from client: 0: network message(type 166, 81B)
2026.06.27@23:54:13.463: [Test Scene 1] [Warning] Unknown message type from client: 0: network message(type 167, 81B)
2026.06.27@23:54:13.463: [Test Scene 1] [Warning] Unknown message type from client: 0: network message(type 168, 81B)
2026.06.27@23:54:13.463: [Test Scene 1] [Warning] Unknown message type from client: 0: network message(type 169, 81B)
2026.06.27@23:54:13.463: [Test Scene 1] [Warning] Unknown message type from client: 0: network message(type 170, 81B)
2026.06.27@23:54:13.463: [Test Scene 1] [Warning] Unknown message type from client: 0: network message(type 171, 81B)
2026.06.27@23:54:13.463: [Test Scene 1] [Warning] Unknown message type from client: 0: network message(type 172, 81B)
2026.06.27@23:54:13.463: [Test Scene 1] [Warning] Unknown message type from client: 0: network message(type 173, 81B)
2026.06.27@23:54:13.463: [Test Scene 1] [Warning] Unknown message type from client: 0: network message(type 174, 81B)
2026.06.27@23:54:13.463: [Test Scene 1] [Warning] Unknown message type from client: 0: network message(type 175, 81B)
2026.06.27@23:54:13.463: [Test Scene 1] [Warning] Unknown message type from client: 0: network message(type 176, 81B)
2026.06.27@23:54:13.463: [Test Scene 1] [Warning] Unknown message type from client: 0: network message(type 177, 81B)
2026.06.27@23:54:13.463: [Test Scene 1] [Warning] Unknown message type from client: 0: network message(type 178, 81B)
2026.06.27@23:54:13.463: [Test Scene 1] [Warning] Unknown message type from client: 0: network message(type 179, 81B)
2026.06.27@23:54:13.463: [Test Scene 1] [Warning] Unknown message type from client: 0: network message(type 180, 81B)
2026.06.27@23:54:13.463: [Test Scene 1] [Warning] Unknown message type from client: 0: network message(type 181, 81B)
2026.06.27@23:54:13.463: [Test Scene 1] [Warning] Unknown message type from client: 0: network message(type 182, 81B)
2026.06.27@23:54:13.463: [Test Scene 1] [Warning] Unknown message type from client: 0: network message(type 183, 81B)
2026.06.27@23:54:13.463: [Test Scene 1] [Warning] Unknown message type from client: 0: network message(type 184, 81B)
2026.06.27@23:54:13.463: [Test Scene 1] [Warning] Unknown message type from client: 0: network message(type 185, 81B)
2026.06.27@23:54:13.463: [Test Scene 1] [Warning] Unknown message type from client: 0: network message(type 186, 81B)
2026.06.27@23:54:13.463: [Test Scene 1] [Warning] Unknown message type from client: 0: network message(type 187, 81B)
2026.06.27@23:54:13.463: [Test Scene 1] [Warning] Unknown message type from client: 0: network message(type 188, 81B)
2026.06.27@23:54:13.463: [Test Scene 1] [Warning] Unknown message type from client: 0: network message(type 189, 81B)
2026.06.27@23:54:13.463: [Test Scene 1] [Warning] Unknown message type from client: 0: network message(type 190, 81B)
2026.06.27@23:54:13.463: [Test Scene 1] [Warning] Unknown message type from client: 0: network message(type 191, 81B)
2026.06.27@23:54:13.463: [Test Scene 1] [Warning] Unknown message type from client: 0: network message(type 192, 81B)
2026.06.27@23:54:13.463: [Test Scene 1] [Warning] Unknown message type from client: 0: network message(type 193, 81B)
2026.06.27@23:54:13.463: [Test Scene 1] [Warning] Unknown message type from client: 0: network message(type 194, 81B)
2026.06.27@23:54:13.463: [Test Scene 1] [Warning] Unknown message type from client: 0: network message(type 195, 81B)
2026.06.27@23:54:13.463: [Test Scene 1] [Warning] Unknown message type from client: 0: network message(type 196, 81B)
2026.06.27@23:54:13.463: [Test Scene 1] [Warning] Unknown message type from client: 0: network message(type 197, 81B)
2026.06.27@23:54:13.463: [Test Scene 1] [Warning] Unknown message type from client: 0: network message(type 198, 81B)
2026.06.27@23:54:13.463: [Test Scene 1] [Warning] Unknown message type from client: 0: network message(type 199, 81B)
2026.06.27@23:54:17.140: [Test Scene 1] [Information] Dispatched message to server
2026.06.27@23:54:17.394: [Network Client] [Information] Disconnecting network client from localhost:222
2026.06.27@23:54:17.395: [Network Client] [Information] Stopped connection thread
2026.06.27@23:54:17.395: [Test Scene 1] [Information] Disconnected from server
2026.06.27@23:54:17.395: [Network Client] [Information] Disconnected
2026.06.27@23:54:17.395: [Test Scene 1] [Information] Network client disconnected
2026.06.27@23:54:20.436: [Test Scene 1] [Warning] Cannot send messages, not connected to server
2026.06.27@23:54:20.693: [Test Scene 1] [Information] Cannot send messages, not connected to server
2026.06.27@23:54:29.363: [Test Scene 1] [Warning] Cannot send messages, not connected to server
2026.06.27@23:54:29.569: [Test Scene 1] [Information] Connecting/disconnecting rapidly
2026.06.27@23:54:29.569: [Network Client] [Information] Attempting connection to localhost:222 within 10s
2026.06.27@23:54:29.569: [Network Client] [Information] Disconnecting network client from :0
2026.06.27@23:54:29.569: [Network Client] [Information] Started connection thread
2026.06.27@23:54:29.571: [Network Client] [Information] Stopped connection thread
2026.06.27@23:54:29.571: [Network Client] [Information] Attempting connection to localhost:222 within 10s
2026.06.27@23:54:29.571: [Network Client] [Information] Started connection thread
2026.06.27@23:54:29.571: [Network Client] [Information] Disconnecting network client from localhost:222
2026.06.27@23:54:29.571: [Network Client] [Warning] Failed to connect
2026.06.27@23:54:29.571: [Network Client] [Information] Disconnecting network client from :0
2026.06.27@23:54:29.571: [Network Client] [Warning] Failed to join connection thread
2026.06.27@23:54:29.571: [Network Client] [Information] Stopped connection thread
2026.06.27@23:54:29.571: [Network Client] [Information] Stopped connection thread
2026.06.27@23:54:29.571: [Network Client] [Information] Attempting connection to localhost:222 within 10s
2026.06.27@23:54:29.571: [Network Client] [Information] Disconnecting network client from :0
2026.06.27@23:54:29.571: [Network Client] [Information] Started connection thread
2026.06.27@23:54:29.573: [Network Client] [Information] Stopped connection thread
2026.06.27@23:54:29.573: [Network Client] [Information] Attempting connection to localhost:222 within 10s
2026.06.27@23:54:29.573: [Network Client] [Information] Disconnecting network client from localhost:222
2026.06.27@23:54:29.573: [Network Client] [Information] Started connection thread
2026.06.27@23:54:29.573: [Network Client] [Warning] Failed to connect
2026.06.27@23:54:29.573: [Network Client] [Information] Disconnecting network client from :0
2026.06.27@23:54:29.573: [Network Client] [Warning] Failed to join connection thread
2026.06.27@23:54:29.573: [Network Client] [Information] Stopped connection thread
2026.06.27@23:54:29.573: [Network Client] [Information] Stopped connection thread
2026.06.27@23:54:29.573: [Network Client] [Information] Attempting connection to localhost:222 within 10s
2026.06.27@23:54:29.573: [Network Client] [Information] Disconnecting network client from :0
2026.06.27@23:54:29.573: [Network Client] [Information] Started connection thread
2026.06.27@23:54:29.574: [Network Client] [Information] Stopped connection thread
2026.06.27@23:54:29.574: [Network Client] [Information] Attempting connection to localhost:222 within 10s
2026.06.27@23:54:29.574: [Network Client] [Information] Disconnecting network client from localhost:222
2026.06.27@23:54:29.574: [Network Client] [Information] Started connection thread
2026.06.27@23:54:29.574: [Network Client] [Warning] Failed to connect
2026.06.27@23:54:29.574: [Network Client] [Information] Disconnecting network client from :0
2026.06.27@23:54:29.574: [Network Client] [Warning] Failed to join connection thread
2026.06.27@23:54:29.574: [Network Client] [Information] Stopped connection thread
2026.06.27@23:54:29.574: [Network Client] [Information] Stopped connection thread
2026.06.27@23:54:29.574: [Network Client] [Information] Attempting connection to localhost:222 within 10s
2026.06.27@23:54:29.574: [Network Client] [Information] Disconnecting network client from :0
2026.06.27@23:54:29.574: [Network Client] [Information] Started connection thread
2026.06.27@23:54:29.576: [Network Client] [Information] Stopped connection thread
2026.06.27@23:54:29.576: [Network Client] [Information] Attempting connection to localhost:222 within 10s
2026.06.27@23:54:29.576: [Network Client] [Information] Disconnecting network client from localhost:222
2026.06.27@23:54:29.576: [Network Client] [Information] Started connection thread
2026.06.27@23:54:29.576: [Network Client] [Warning] Failed to connect
2026.06.27@23:54:29.576: [Network Client] [Information] Disconnecting network client from :0
2026.06.27@23:54:29.576: [Network Client] [Warning] Failed to join connection thread
2026.06.27@23:54:29.576: [Network Client] [Information] Stopped connection thread
2026.06.27@23:54:29.576: [Network Client] [Information] Stopped connection thread
2026.06.27@23:54:29.576: [Network Client] [Information] Attempting connection to localhost:222 within 10s
2026.06.27@23:54:29.576: [Network Client] [Information] Disconnecting network client from :0
2026.06.27@23:54:29.576: [Network Client] [Information] Started connection thread
2026.06.27@23:54:29.577: [Network Client] [Information] Stopped connection thread
2026.06.27@23:54:29.577: [Network Client] [Information] Attempting connection to localhost:222 within 10s
2026.06.27@23:54:29.577: [Network Client] [Information] Disconnecting network client from localhost:222
2026.06.27@23:54:29.577: [Network Client] [Information] Started connection thread
2026.06.27@23:54:29.577: [Network Client] [Warning] Failed to connect
2026.06.27@23:54:29.577: [Network Client] [Information] Disconnecting network client from :0
2026.06.27@23:54:29.577: [Network Client] [Warning] Failed to join connection thread
2026.06.27@23:54:29.577: [Network Client] [Information] Stopped connection thread
2026.06.27@23:54:29.577: [Network Client] [Information] Stopped connection thread
2026.06.27@23:54:31.156: [Test Scene 1] [Warning] Cannot send messages, not connected to server
2026.06.27@23:54:31.331: [Test Scene 1] [Information] Connecting/disconnecting rapidly
2026.06.27@23:54:31.331: [Network Client] [Information] Attempting connection to localhost:222 within 10s
2026.06.27@23:54:31.331: [Network Client] [Information] Disconnecting network client from :0
2026.06.27@23:54:31.331: [Network Client] [Information] Started connection thread
2026.06.27@23:54:31.333: [Network Client] [Information] Stopped connection thread
2026.06.27@23:54:31.333: [Network Client] [Information] Attempting connection to localhost:222 within 10s
2026.06.27@23:54:31.333: [Network Client] [Information] Disconnecting network client from localhost:222
2026.06.27@23:54:31.333: [Network Client] [Information] Started connection thread
2026.06.27@23:54:31.333: [Network Client] [Warning] Failed to connect
2026.06.27@23:54:31.333: [Network Client] [Information] Disconnecting network client from :0
2026.06.27@23:54:31.333: [Network Client] [Warning] Failed to join connection thread
2026.06.27@23:54:31.333: [Network Client] [Information] Stopped connection thread
2026.06.27@23:54:31.333: [Network Client] [Information] Stopped connection thread
2026.06.27@23:54:31.333: [Network Client] [Information] Attempting connection to localhost:222 within 10s
2026.06.27@23:54:31.333: [Network Client] [Information] Disconnecting network client from :0
2026.06.27@23:54:31.333: [Network Client] [Information] Started connection thread
2026.06.27@23:54:31.334: [Network Client] [Information] Stopped connection thread
2026.06.27@23:54:31.334: [Network Client] [Information] Attempting connection to localhost:222 within 10s
2026.06.27@23:54:31.334: [Network Client] [Information] Disconnecting network client from localhost:222
2026.06.27@23:54:31.334: [Network Client] [Information] Started connection thread
2026.06.27@23:54:31.335: [Network Client] [Information] Stopped connection thread
2026.06.27@23:54:31.335: [Network Client] [Information] Attempting connection to localhost:222 within 10s
2026.06.27@23:54:31.335: [Network Client] [Information] Disconnecting network client from localhost:222
2026.06.27@23:54:31.335: [Network Client] [Information] Started connection thread
2026.06.27@23:54:31.335: [Network Client] [Warning] Failed to connect
2026.06.27@23:54:31.335: [Network Client] [Information] Disconnecting network client from :0
2026.06.27@23:54:31.335: [Network Client] [Warning] Failed to join connection thread
2026.06.27@23:54:31.335: [Network Client] [Information] Stopped connection thread
2026.06.27@23:54:31.335: [Network Client] [Information] Stopped connection thread
2026.06.27@23:54:31.335: [Network Client] [Information] Attempting connection to localhost:222 within 10s
2026.06.27@23:54:31.335: [Network Client] [Information] Disconnecting network client from :0
2026.06.27@23:54:31.335: [Network Client] [Information] Started connection thread
2026.06.27@23:54:31.336: [Network Client] [Information] Stopped connection thread
2026.06.27@23:54:31.336: [Network Client] [Information] Attempting connection to localhost:222 within 10s
2026.06.27@23:54:31.336: [Network Client] [Information] Disconnecting network client from localhost:222
2026.06.27@23:54:31.336: [Network Client] [Information] Started connection thread
2026.06.27@23:54:31.336: [Network Client] [Warning] Failed to connect
2026.06.27@23:54:31.337: [Network Client] [Information] Disconnecting network client from :0
2026.06.27@23:54:31.337: [Network Client] [Warning] Failed to join connection thread
2026.06.27@23:54:31.337: [Network Client] [Information] Stopped connection thread
2026.06.27@23:54:31.337: [Network Client] [Information] Stopped connection thread
2026.06.27@23:54:31.337: [Network Client] [Information] Attempting connection to localhost:222 within 10s
2026.06.27@23:54:31.337: [Network Client] [Information] Disconnecting network client from :0
2026.06.27@23:54:31.337: [Network Client] [Information] Started connection thread
2026.06.27@23:54:31.338: [Network Client] [Information] Stopped connection thread
2026.06.27@23:54:31.338: [Network Client] [Information] Attempting connection to localhost:222 within 10s
2026.06.27@23:54:31.338: [Network Client] [Information] Disconnecting network client from localhost:222
2026.06.27@23:54:31.338: [Network Client] [Information] Started connection thread
2026.06.27@23:54:31.338: [Network Client] [Warning] Failed to connect
2026.06.27@23:54:31.338: [Network Client] [Information] Disconnecting network client from :0
2026.06.27@23:54:31.338: [Network Client] [Warning] Failed to join connection thread
2026.06.27@23:54:31.338: [Network Client] [Information] Stopped connection thread
2026.06.27@23:54:31.338: [Network Client] [Information] Stopped connection thread
2026.06.27@23:54:31.338: [Network Client] [Information] Attempting connection to localhost:222 within 10s
2026.06.27@23:54:31.338: [Network Client] [Information] Disconnecting network client from :0
2026.06.27@23:54:31.338: [Network Client] [Information] Started connection thread
2026.06.27@23:54:31.339: [Network Client] [Information] Stopped connection thread
2026.06.27@23:54:31.351: [Network Client] [Information] Connected to localhost:222
2026.06.27@23:54:31.351: [Test Scene 1] [Information] Network client connected
2026.06.27@23:54:31.351: [Test Scene 1] [Information] Clients already connected: []
2026.06.27@23:54:31.859: [Test Scene 1] [Information] New client 44 connected to server
2026.06.27@23:54:31.859: [Test Scene 1] [Information] Client 44 disconnected from server
2026.06.27@23:54:31.859: [Test Scene 1] [Information] New client 46 connected to server
2026.06.27@23:54:31.860: [Test Scene 1] [Information] Client 46 disconnected from server
2026.06.27@23:54:31.860: [Test Scene 1] [Information] New client 48 connected to server
2026.06.27@23:54:31.860: [Test Scene 1] [Information] Client 48 disconnected from server
2026.06.27@23:54:31.860: [Test Scene 1] [Information] New client 49 connected to server
2026.06.27@23:54:31.860: [Test Scene 1] [Information] Client 49 disconnected from server
2026.06.27@23:54:31.879: [Test Scene 1] [Information] New client 50 connected to server
2026.06.27@23:54:31.879: [Test Scene 1] [Information] Client 50 disconnected from server
2026.06.27@23:54:32.503: [Test Scene 1] [Information] New client 51 connected to server
2026.06.27@23:54:32.503: [Test Scene 1] [Information] Client 51 disconnected from server
2026.06.27@23:54:32.503: [Test Scene 1] [Information] New client 52 connected to server
2026.06.27@23:54:32.503: [Test Scene 1] [Information] Client 52 disconnected from server
2026.06.27@23:54:32.503: [Test Scene 1] [Information] New client 54 connected to server
2026.06.27@23:54:32.503: [Test Scene 1] [Information] Client 54 disconnected from server
2026.06.27@23:54:32.503: [Test Scene 1] [Information] New client 55 connected to server
2026.06.27@23:54:32.503: [Test Scene 1] [Information] Client 55 disconnected from server
2026.06.27@23:54:32.503: [Test Scene 1] [Information] New client 56 connected to server
2026.06.27@23:54:32.503: [Test Scene 1] [Information] Client 56 disconnected from server
2026.06.27@23:54:36.351: [Test Scene 1] [Information] New client 57 connected to server
2026.06.27@23:54:37.043: [Test Scene 1] [Information] Client 57 gave position vector(68.0, 35.0)
2026.06.27@23:54:37.219: [Test Scene 1] [Information] Client 57 gave position vector(68.0, 35.0)
2026.06.27@23:54:37.436: [Test Scene 1] [Information] Client 57 gave position vector(68.0, 35.0)
2026.06.27@23:54:40.284: [Test Scene 1] [Information] New client 58 connected to server
2026.06.27@23:54:41.084: [Test Scene 1] [Information] Dispatched message to server
2026.06.27@23:54:41.279: [Network Client] [Information] Attempting connection to localhost:222 within 10s
2026.06.27@23:54:41.280: [Test Scene 1] [Information] Attempting connection to server at localhost:222
2026.06.27@23:54:41.280: [Network Client] [Information] Started connection thread
2026.06.27@23:54:41.297: [Test Scene 1] [Information] Clients already connected: [57, 58]
2026.06.27@23:54:41.643: [Test Scene 1] [Information] Dispatched message to server
2026.06.27@23:54:41.795: [Test Scene 1] [Information] Dispatched message to server
2026.06.27@23:54:41.989: [Test Scene 1] [Information] Dispatched message to server
2026.06.27@23:54:43.591: [Test Scene 1] [Information] Client 58 gave position vector(84.0, 53.0)
2026.06.27@23:54:43.946: [Test Scene 1] [Information] Client 58 gave position vector(59.0, 38.0)
2026.06.27@23:54:44.233: [Test Scene 1] [Information] Client 58 gave position vector(40.0, 61.0)
2026.06.27@23:54:44.800: [Test Scene 1] [Information] Dispatched message to server
2026.06.27@23:54:45.126: [Test Scene 1] [Information] Dispatched message to server
2026.06.27@23:54:45.458: [Test Scene 1] [Information] Dispatched message to server
2026.06.27@23:54:46.000: [Test Scene 1] [Information] Client 57 gave position vector(99.0, 23.0)
2026.06.27@23:54:46.348: [Test Scene 1] [Information] Client 57 gave position vector(67.0, 59.0)
2026.06.27@23:54:49.837: [Test Scene 1] [Information] Client 57 disconnected from server
2026.06.27@23:54:50.674: [MarasmiumKit App] [Information] Finished main application loop
2026.06.27@23:54:50.674: [MarasmiumKit App] [Information] Destroying MarasmiumKit application framework
2026.06.27@23:54:50.674: [MarasmiumKit App] [Information] Freeing all scenes
2026.06.27@23:54:50.674: [Test Scene 1] [Information] Leaving test scene 1
2026.06.27@23:54:50.674: [Test Scene 1] [Information] Destroying test scene 1
2026.06.27@23:54:50.674: [MarasmiumKit App] [Information] Destroying graphics system
2026.06.27@23:54:50.674: [Graphics System] [Information] Destroying graphics system
2026.06.27@23:54:50.674: [MarasmiumKit App] [Information] Destroying network client
2026.06.27@23:54:50.674: [Network Client] [Information] Destroying network client
2026.06.27@23:54:50.674: [Network Client] [Warning] Currently connecting or connected to localhost:222
2026.06.27@23:54:50.674: [Network Client] [Information] Disconnecting network client from localhost:222
2026.06.27@23:54:50.674: [Network Client] [Information] Stopped connection thread
2026.06.27@23:54:50.674: [Network Client] [Information] Destroyed network client
2026.06.27@23:54:50.674: [MarasmiumKit App] [Information] Destroying user-input management system
2026.06.27@23:54:50.674: [User-Input Management System] [Information] Destroying user-input management system
2026.06.27@23:54:50.674: [User-Input Management System] [Information] Destroying mouse user-input management system
2026.06.27@23:54:50.674: [User-Input Management System] [Information] Destroying keyboard user-input management system
2026.06.27@23:54:50.674: [MarasmiumKit App] [Information] Destroying windowing system
2026.06.27@23:54:50.674: [Windowing System] [Information] Destroying windowing system
2026.06.27@23:54:50.675: [MarasmiumKit App] [Information] Destroying logging system
2026.06.27@23:54:50.675: [Logging System] [Information] Destroying logging system
