2026.06.27@23:52:23.813: [Logging System] [Information] Initialized logging system
2026.06.27@23:52:23.813: [MarasmiumKit App] [Information] Initialized logging system
2026.06.27@23:52:23.813: [Windowing System] [Information] Set fullscreen monitor index 0
2026.06.27@23:52:23.816: [Windowing System] [Information] Generated new window frame
2026.06.27@23:52:23.816: [Windowing System] [Warning] No title provided
2026.06.27@23:52:23.816: [Windowing System] [Warning] No dimensions provided
2026.06.27@23:52:23.816: [Windowing System] [Information] Set window to windowed mode
2026.06.27@23:52:23.880: [Windowing System] [Information] Set window title "MarasmiumKit App"
2026.06.27@23:52:23.880: [Windowing System] [Information] Set window dimensions vector(100.0, 100.0)
2026.06.27@23:52:23.881: [Windowing System] [Information] Initialized windowing system
2026.06.27@23:52:23.881: [MarasmiumKit App] [Information] Initialized windowing system
2026.06.27@23:52:23.883: [User-Input Management System] [Information] Initialized keyboard user-input management system
2026.06.27@23:52:23.884: [User-Input Management System] [Information] Initialized mouse user-input management system
2026.06.27@23:52:23.884: [User-Input Management System] [Information] Initialized user-input management system
2026.06.27@23:52:23.884: [MarasmiumKit App] [Information] Initialized user-input management system
2026.06.27@23:52:23.884: [Network Client] [Information] Set maximum messages to process per update -1
2026.06.27@23:52:23.884: [Network Client] [Information] Initialized network client
2026.06.27@23:52:23.884: [MarasmiumKit App] [Information] Initialized network client
2026.06.27@23:52:23.884: [Graphics System] [Information] Target FPS set to 60 -> FPMS=0.06, MSPF=16
2026.06.27@23:52:23.884: [Graphics System] [Information] Maximum UPF set to 8
2026.06.27@23:52:23.884: [Graphics System] [Information] Initialized graphics system
2026.06.27@23:52:23.884: [MarasmiumKit App] [Information] Initialized graphics system
2026.06.27@23:52:23.884: [MarasmiumKit App] [Information] Scene 0 not added
2026.06.27@23:52:23.884: [MarasmiumKit App] [Information] Adding scene 0
2026.06.27@23:52:23.884: [MarasmiumKit App] [Information] Scene 0 requires initialization
2026.06.27@23:52:23.884: [Test Scene 1] [Information] Initializing test scene 1
2026.06.27@23:52:23.884: [MarasmiumKit App] [Information] Entering new scene 1
2026.06.27@23:52:23.884: [Test Scene 1] [Information] Entering test scene 1
2026.06.27@23:52:23.884: [User-Input Management System] [Information] Adding user-input listener
2026.06.27@23:52:23.884: [Network Client] [Information] Adding network listener
2026.06.27@23:52:23.884: [MarasmiumKit App] [Information] Set initial scene
2026.06.27@23:52:23.884: [MarasmiumKit App] [Information] Initialized MarasmiumKit application framework
2026.06.27@23:52:23.885: [MarasmiumKit App] [Information] Starting main application loop
2026.06.27@23:53:10.600: [Network Client] [Information] Attempting connection to localhost:222 within 10s
2026.06.27@23:53:10.606: [Test Scene 1] [Information] Attempting connection to server at localhost:222
2026.06.27@23:53:10.606: [Network Client] [Information] Started connection thread
2026.06.27@23:53:10.639: [Network Client] [Information] Connected to localhost:222
2026.06.27@23:53:10.639: [Test Scene 1] [Information] Network client connected
2026.06.27@23:53:10.639: [Test Scene 1] [Information] Clients already connected: []
2026.06.27@23:53:11.984: [Test Scene 1] [Information] New client 1 connected to server
2026.06.27@23:53:13.118: [Test Scene 1] [Information] New client 2 connected to server
2026.06.27@23:53:23.171: [Test Scene 1] [Information] Client 2 gave position vector(50.0, 45.0)
2026.06.27@23:53:23.475: [Test Scene 1] [Information] Client 2 gave position vector(50.0, 45.0)
2026.06.27@23:53:23.751: [Test Scene 1] [Information] Client 2 gave position vector(50.0, 45.0)
2026.06.27@23:53:24.022: [Test Scene 1] [Information] Client 2 gave position vector(50.0, 45.0)
2026.06.27@23:53:25.067: [Test Scene 1] [Information] Client 1 gave position vector(24.0, 43.0)
2026.06.27@23:53:25.242: [Test Scene 1] [Information] Client 1 gave position vector(24.0, 43.0)
2026.06.27@23:53:25.418: [Test Scene 1] [Information] Client 1 gave position vector(24.0, 43.0)
2026.06.27@23:53:26.053: [Test Scene 1] [Information] Dispatched message to server
2026.06.27@23:53:26.246: [Test Scene 1] [Information] Dispatched message to server
2026.06.27@23:53:26.401: [Test Scene 1] [Information] Dispatched message to server
2026.06.27@23:53:38.769: [Test Scene 1] [Information] Client 2 gave position vector(74.0, 51.0)
2026.06.27@23:53:39.712: [Test Scene 1] [Information] Client 2 disconnected from server
2026.06.27@23:53:41.597: [Test Scene 1] [Information] New client 4 connected to server
2026.06.27@23:53:42.652: [Test Scene 1] [Information] Client 4 gave position vector(80.0, 39.0)
2026.06.27@23:53:42.887: [Test Scene 1] [Information] Client 4 gave position vector(80.0, 39.0)
2026.06.27@23:53:43.125: [Test Scene 1] [Information] Client 4 gave position vector(80.0, 39.0)
2026.06.27@23:53:45.538: [Test Scene 1] [Information] Client 1 gave position vector(63.0, 49.0)
2026.06.27@23:53:45.727: [Test Scene 1] [Information] Client 1 gave position vector(63.0, 49.0)
2026.06.27@23:53:46.110: [Test Scene 1] [Information] Client 1 gave position vector(63.0, 49.0)
2026.06.27@23:53:46.363: [Test Scene 1] [Information] Client 1 gave position vector(63.0, 49.0)
2026.06.27@23:53:47.182: [Test Scene 1] [Information] Dispatched message to server
2026.06.27@23:53:47.477: [Test Scene 1] [Information] Dispatched message to server
2026.06.27@23:53:47.842: [Test Scene 1] [Information] Dispatched message to server
2026.06.27@23:53:48.370: [Test Scene 1] [Information] Client 1 gave position vector(36.0, 45.0)
2026.06.27@23:53:48.869: [Test Scene 1] [Information] Client 1 gave position vector(76.0, 87.0)
2026.06.27@23:53:49.257: [Test Scene 1] [Information] Client 1 gave position vector(74.0, 37.0)
2026.06.27@23:53:50.289: [Test Scene 1] [Information] Client 1 disconnected from server
2026.06.27@23:53:50.526: [Test Scene 1] [Information] New client 5 connected to server
2026.06.27@23:53:50.742: [Test Scene 1] [Information] Client 5 disconnected from server
2026.06.27@23:53:51.202: [Test Scene 1] [Information] New client 6 connected to server
2026.06.27@23:53:51.416: [Test Scene 1] [Information] Client 6 disconnected from server
2026.06.27@23:53:51.416: [Test Scene 1] [Information] New client 7 connected to server
2026.06.27@23:53:51.765: [Test Scene 1] [Information] Client 7 disconnected from server
2026.06.27@23:53:51.765: [Test Scene 1] [Information] New client 8 connected to server
2026.06.27@23:53:51.938: [Test Scene 1] [Information] Client 8 disconnected from server
2026.06.27@23:53:51.938: [Test Scene 1] [Information] New client 9 connected to server
2026.06.27@23:53:52.131: [Test Scene 1] [Information] Client 9 disconnected from server
2026.06.27@23:53:52.132: [Test Scene 1] [Information] New client 10 connected to server
2026.06.27@23:53:52.794: [Test Scene 1] [Information] Client 4 gave position vector(2.0, 56.0)
2026.06.27@23:53:53.202: [Test Scene 1] [Information] Client 4 gave position vector(28.0, 55.0)
2026.06.27@23:53:53.538: [Test Scene 1] [Information] Client 4 gave position vector(37.0, 56.0)
2026.06.27@23:53:54.329: [Test Scene 1] [Information] Client 10 gave position vector(54.0, 57.0)
2026.06.27@23:53:54.504: [Test Scene 1] [Information] Client 10 gave position vector(54.0, 57.0)
2026.06.27@23:53:54.719: [Test Scene 1] [Information] Client 10 gave position vector(54.0, 57.0)
2026.06.27@23:53:55.070: [Test Scene 1] [Information] Client 10 gave position vector(36.0, 22.0)
2026.06.27@23:53:55.698: [Test Scene 1] [Information] Dispatched message to server
2026.06.27@23:53:56.048: [Test Scene 1] [Information] Dispatched message to server
2026.06.27@23:53:59.605: [Network Client] [Information] Disconnected
2026.06.27@23:53:59.606: [Test Scene 1] [Information] Network client disconnected
2026.06.27@23:54:01.780: [Test Scene 1] [Warning] Cannot send messages, not connected to server
2026.06.27@23:54:01.995: [Test Scene 1] [Warning] Cannot send messages, not connected to server
2026.06.27@23:54:02.166: [Test Scene 1] [Warning] Cannot send messages, not connected to server
2026.06.27@23:54:02.342: [Test Scene 1] [Warning] Cannot send messages, not connected to server
2026.06.27@23:54:08.247: [Test Scene 1] [Warning] Cannot send messages, not connected to server
2026.06.27@23:54:08.516: [Network Client] [Information] Attempting connection to localhost:222 within 10s
2026.06.27@23:54:08.516: [Network Client] [Warning] Already connected to :0
2026.06.27@23:54:08.516: [Network Client] [Information] Disconnecting network client from :0
2026.06.27@23:54:08.516: [Network Client] [Information] Stopped connection thread
2026.06.27@23:54:08.516: [Test Scene 1] [Information] Attempting connection to server at localhost:222
2026.06.27@23:54:08.516: [Network Client] [Information] Started connection thread
2026.06.27@23:54:08.534: [Network Client] [Information] Connected to localhost:222
2026.06.27@23:54:08.534: [Test Scene 1] [Information] Network client connected
2026.06.27@23:54:08.534: [Test Scene 1] [Information] Clients already connected: [10, 11]
2026.06.27@23:54:09.763: [Test Scene 1] [Information] Dispatched message to server
2026.06.27@23:54:10.110: [Test Scene 1] [Information] Dispatched message to server
2026.06.27@23:54:11.758: [Test Scene 1] [Information] Sending many messages rapidly
2026.06.27@23:54:13.204: [Test Scene 1] [Information] Client 10 gave position vector(64.0, 45.0)
2026.06.27@23:54:13.461: [Test Scene 1] [Warning] Unknown message type from client: 0: network message(type 100, 81B)
2026.06.27@23:54:13.462: [Test Scene 1] [Warning] Unknown message type from client: 0: network message(type 101, 81B)
2026.06.27@23:54:13.462: [Test Scene 1] [Warning] Unknown message type from client: 0: network message(type 102, 81B)
2026.06.27@23:54:13.462: [Test Scene 1] [Warning] Unknown message type from client: 0: network message(type 103, 81B)
2026.06.27@23:54:13.462: [Test Scene 1] [Warning] Unknown message type from client: 0: network message(type 104, 81B)
2026.06.27@23:54:13.462: [Test Scene 1] [Warning] Unknown message type from client: 0: network message(type 105, 81B)
2026.06.27@23:54:13.462: [Test Scene 1] [Warning] Unknown message type from client: 0: network message(type 106, 81B)
2026.06.27@23:54:13.462: [Test Scene 1] [Warning] Unknown message type from client: 0: network message(type 107, 81B)
2026.06.27@23:54:13.462: [Test Scene 1] [Warning] Unknown message type from client: 0: network message(type 108, 81B)
2026.06.27@23:54:13.462: [Test Scene 1] [Warning] Unknown message type from client: 0: network message(type 109, 81B)
2026.06.27@23:54:13.462: [Test Scene 1] [Warning] Unknown message type from client: 0: network message(type 110, 81B)
2026.06.27@23:54:13.462: [Test Scene 1] [Warning] Unknown message type from client: 0: network message(type 111, 81B)
2026.06.27@23:54:13.462: [Test Scene 1] [Warning] Unknown message type from client: 0: network message(type 112, 81B)
2026.06.27@23:54:13.462: [Test Scene 1] [Warning] Unknown message type from client: 0: network message(type 113, 81B)
2026.06.27@23:54:13.462: [Test Scene 1] [Warning] Unknown message type from client: 0: network message(type 114, 81B)
2026.06.27@23:54:13.462: [Test Scene 1] [Warning] Unknown message type from client: 0: network message(type 115, 81B)
2026.06.27@23:54:13.462: [Test Scene 1] [Warning] Unknown message type from client: 0: network message(type 116, 81B)
2026.06.27@23:54:13.462: [Test Scene 1] [Warning] Unknown message type from client: 0: network message(type 117, 81B)
2026.06.27@23:54:13.462: [Test Scene 1] [Warning] Unknown message type from client: 0: network message(type 118, 81B)
2026.06.27@23:54:13.462: [Test Scene 1] [Warning] Unknown message type from client: 0: network message(type 119, 81B)
2026.06.27@23:54:13.462: [Test Scene 1] [Warning] Unknown message type from client: 0: network message(type 120, 81B)
2026.06.27@23:54:13.462: [Test Scene 1] [Warning] Unknown message type from client: 0: network message(type 121, 81B)
2026.06.27@23:54:13.462: [Test Scene 1] [Warning] Unknown message type from client: 0: network message(type 122, 81B)
2026.06.27@23:54:13.462: [Test Scene 1] [Warning] Unknown message type from client: 0: network message(type 123, 81B)
2026.06.27@23:54:13.462: [Test Scene 1] [Warning] Unknown message type from client: 0: network message(type 124, 81B)
2026.06.27@23:54:13.462: [Test Scene 1] [Warning] Unknown message type from client: 0: network message(type 125, 81B)
2026.06.27@23:54:13.462: [Test Scene 1] [Warning] Unknown message type from client: 0: network message(type 126, 81B)
2026.06.27@23:54:13.462: [Test Scene 1] [Warning] Unknown message type from client: 0: network message(type 127, 81B)
2026.06.27@23:54:13.462: [Test Scene 1] [Warning] Unknown message type from client: 0: network message(type 128, 81B)
2026.06.27@23:54:13.462: [Test Scene 1] [Warning] Unknown message type from client: 0: network message(type 129, 81B)
2026.06.27@23:54:13.462: [Test Scene 1] [Warning] Unknown message type from client: 0: network message(type 130, 81B)
2026.06.27@23:54:13.462: [Test Scene 1] [Warning] Unknown message type from client: 0: network message(type 131, 81B)
2026.06.27@23:54:13.462: [Test Scene 1] [Warning] Unknown message type from client: 0: network message(type 132, 81B)
2026.06.27@23:54:13.462: [Test Scene 1] [Warning] Unknown message type from client: 0: network message(type 133, 81B)
2026.06.27@23:54:13.462: [Test Scene 1] [Warning] Unknown message type from client: 0: network message(type 134, 81B)
2026.06.27@23:54:13.462: [Test Scene 1] [Warning] Unknown message type from client: 0: network message(type 135, 81B)
2026.06.27@23:54:13.462: [Test Scene 1] [Warning] Unknown message type from client: 0: network message(type 136, 81B)
2026.06.27@23:54:13.462: [Test Scene 1] [Warning] Unknown message type from client: 0: network message(type 137, 81B)
2026.06.27@23:54:13.462: [Test Scene 1] [Warning] Unknown message type from client: 0: network message(type 138, 81B)
2026.06.27@23:54:13.462: [Test Scene 1] [Warning] Unknown message type from client: 0: network message(type 139, 81B)
2026.06.27@23:54:13.462: [Test Scene 1] [Warning] Unknown message type from client: 0: network message(type 140, 81B)
2026.06.27@23:54:13.462: [Test Scene 1] [Warning] Unknown message type from client: 0: network message(type 141, 81B)
2026.06.27@23:54:13.462: [Test Scene 1] [Warning] Unknown message type from client: 0: network message(type 142, 81B)
2026.06.27@23:54:13.462: [Test Scene 1] [Warning] Unknown message type from client: 0: network message(type 143, 81B)
2026.06.27@23:54:13.462: [Test Scene 1] [Warning] Unknown message type from client: 0: network message(type 144, 81B)
2026.06.27@23:54:13.462: [Test Scene 1] [Warning] Unknown message type from client: 0: network message(type 145, 81B)
2026.06.27@23:54:13.462: [Test Scene 1] [Warning] Unknown message type from client: 0: network message(type 146, 81B)
2026.06.27@23:54:13.462: [Test Scene 1] [Warning] Unknown message type from client: 0: network message(type 147, 81B)
2026.06.27@23:54:13.462: [Test Scene 1] [Warning] Unknown message type from client: 0: network message(type 148, 81B)
2026.06.27@23:54:13.463: [Test Scene 1] [Warning] Unknown message type from client: 0: network message(type 149, 81B)
2026.06.27@23:54:13.463: [Test Scene 1] [Warning] Unknown message type from client: 0: network message(type 150, 81B)
2026.06.27@23:54:13.463: [Test Scene 1] [Warning] Unknown message type from client: 0: network message(type 151, 81B)
2026.06.27@23:54:13.463: [Test Scene 1] [Warning] Unknown message type from client: 0: network message(type 152, 81B)
2026.06.27@23:54:13.463: [Test Scene 1] [Warning] Unknown message type from client: 0: network message(type 153, 81B)
2026.06.27@23:54:13.463: [Test Scene 1] [Warning] Unknown message type from client: 0: network message(type 154, 81B)
2026.06.27@23:54:13.463: [Test Scene 1] [Warning] Unknown message type from client: 0: network message(type 155, 81B)
2026.06.27@23:54:13.463: [Test Scene 1] [Warning] Unknown message type from client: 0: network message(type 156, 81B)
2026.06.27@23:54:13.463: [Test Scene 1] [Warning] Unknown message type from client: 0: network message(type 157, 81B)
2026.06.27@23:54:13.463: [Test Scene 1] [Warning] Unknown message type from client: 0: network message(type 158, 81B)
2026.06.27@23:54:13.463: [Test Scene 1] [Warning] Unknown message type from client: 0: network message(type 159, 81B)
2026.06.27@23:54:13.463: [Test Scene 1] [Warning] Unknown message type from client: 0: network message(type 160, 81B)
2026.06.27@23:54:13.463: [Test Scene 1] [Warning] Unknown message type from client: 0: network message(type 161, 81B)
2026.06.27@23:54:13.463: [Test Scene 1] [Warning] Unknown message type from client: 0: network message(type 162, 81B)
2026.06.27@23:54:13.463: [Test Scene 1] [Warning] Unknown message type from client: 0: network message(type 163, 81B)
2026.06.27@23:54:13.463: [Test Scene 1] [Warning] Unknown message type from client: 0: network message(type 164, 81B)
2026.06.27@23:54:13.463: [Test Scene 1] [Warning] Unknown message type from client: 0: network message(type 165, 81B)
2026.06.27@23:54:13.463: [Test Scene 1] [Warning] Unknown message type from client: 0: network message(type 166, 81B)
2026.06.27@23:54:13.463: [Test Scene 1] [Warning] Unknown message type from client: 0: network message(type 167, 81B)
2026.06.27@23:54:13.463: [Test Scene 1] [Warning] Unknown message type from client: 0: network message(type 168, 81B)
2026.06.27@23:54:13.463: [Test Scene 1] [Warning] Unknown message type from client: 0: network message(type 169, 81B)
2026.06.27@23:54:13.463: [Test Scene 1] [Warning] Unknown message type from client: 0: network message(type 170, 81B)
2026.06.27@23:54:13.463: [Test Scene 1] [Warning] Unknown message type from client: 0: network message(type 171, 81B)
2026.06.27@23:54:13.463: [Test Scene 1] [Warning] Unknown message type from client: 0: network message(type 172, 81B)
2026.06.27@23:54:13.463: [Test Scene 1] [Warning] Unknown message type from client: 0: network message(type 173, 81B)
2026.06.27@23:54:13.463: [Test Scene 1] [Warning] Unknown message type from client: 0: network message(type 174, 81B)
2026.06.27@23:54:13.463: [Test Scene 1] [Warning] Unknown message type from client: 0: network message(type 175, 81B)
2026.06.27@23:54:13.463: [Test Scene 1] [Warning] Unknown message type from client: 0: network message(type 176, 81B)
2026.06.27@23:54:13.463: [Test Scene 1] [Warning] Unknown message type from client: 0: network message(type 177, 81B)
2026.06.27@23:54:13.463: [Test Scene 1] [Warning] Unknown message type from client: 0: network message(type 178, 81B)
2026.06.27@23:54:13.463: [Test Scene 1] [Warning] Unknown message type from client: 0: network message(type 179, 81B)
2026.06.27@23:54:13.463: [Test Scene 1] [Warning] Unknown message type from client: 0: network message(type 180, 81B)
2026.06.27@23:54:13.463: [Test Scene 1] [Warning] Unknown message type from client: 0: network message(type 181, 81B)
2026.06.27@23:54:13.463: [Test Scene 1] [Warning] Unknown message type from client: 0: network message(type 182, 81B)
2026.06.27@23:54:13.463: [Test Scene 1] [Warning] Unknown message type from client: 0: network message(type 183, 81B)
2026.06.27@23:54:13.463: [Test Scene 1] [Warning] Unknown message type from client: 0: network message(type 184, 81B)
2026.06.27@23:54:13.463: [Test Scene 1] [Warning] Unknown message type from client: 0: network message(type 185, 81B)
2026.06.27@23:54:13.463: [Test Scene 1] [Warning] Unknown message type from client: 0: network message(type 186, 81B)
2026.06.27@23:54:13.463: [Test Scene 1] [Warning] Unknown message type from client: 0: network message(type 187, 81B)
2026.06.27@23:54:13.463: [Test Scene 1] [Warning] Unknown message type from client: 0: network message(type 188, 81B)
2026.06.27@23:54:13.463: [Test Scene 1] [Warning] Unknown message type from client: 0: network message(type 189, 81B)
2026.06.27@23:54:13.463: [Test Scene 1] [Warning] Unknown message type from client: 0: network message(type 190, 81B)
2026.06.27@23:54:13.463: [Test Scene 1] [Warning] Unknown message type from client: 0: network message(type 191, 81B)
2026.06.27@23:54:13.463: [Test Scene 1] [Warning] Unknown message type from client: 0: network message(type 192, 81B)
2026.06.27@23:54:13.463: [Test Scene 1] [Warning] Unknown message type from client: 0: network message(type 193, 81B)
2026.06.27@23:54:13.463: [Test Scene 1] [Warning] Unknown message type from client: 0: network message(type 194, 81B)
2026.06.27@23:54:13.463: [Test Scene 1] [Warning] Unknown message type from client: 0: network message(type 195, 81B)
2026.06.27@23:54:13.463: [Test Scene 1] [Warning] Unknown message type from client: 0: network message(type 196, 81B)
2026.06.27@23:54:13.463: [Test Scene 1] [Warning] Unknown message type from client: 0: network message(type 197, 81B)
2026.06.27@23:54:13.463: [Test Scene 1] [Warning] Unknown message type from client: 0: network message(type 198, 81B)
2026.06.27@23:54:13.463: [Test Scene 1] [Warning] Unknown message type from client: 0: network message(type 199, 81B)
2026.06.27@23:54:17.141: [Test Scene 1] [Information] Client 11 gave position vector(57.0, 43.0)
2026.06.27@23:54:17.400: [Test Scene 1] [Information] Client 11 disconnected from server
2026.06.27@23:54:18.057: [Test Scene 1] [Information] New client 14 connected to server
2026.06.27@23:54:19.214: [Test Scene 1] [Warning] Unknown message type from client: 0: network message(type 100, 81B)
2026.06.27@23:54:19.214: [Test Scene 1] [Warning] Unknown message type from client: 0: network message(type 101, 81B)
2026.06.27@23:54:19.214: [Test Scene 1] [Warning] Unknown message type from client: 0: network message(type 102, 81B)
2026.06.27@23:54:19.214: [Test Scene 1] [Warning] Unknown message type from client: 0: network message(type 103, 81B)
2026.06.27@23:54:19.214: [Test Scene 1] [Warning] Unknown message type from client: 0: network message(type 104, 81B)
2026.06.27@23:54:19.214: [Test Scene 1] [Warning] Unknown message type from client: 0: network message(type 105, 81B)
2026.06.27@23:54:19.214: [Test Scene 1] [Warning] Unknown message type from client: 0: network message(type 106, 81B)
2026.06.27@23:54:19.214: [Test Scene 1] [Warning] Unknown message type from client: 0: network message(type 107, 81B)
2026.06.27@23:54:19.214: [Test Scene 1] [Warning] Unknown message type from client: 0: network message(type 108, 81B)
2026.06.27@23:54:19.214: [Test Scene 1] [Warning] Unknown message type from client: 0: network message(type 109, 81B)
2026.06.27@23:54:19.214: [Test Scene 1] [Warning] Unknown message type from client: 0: network message(type 110, 81B)
2026.06.27@23:54:19.214: [Test Scene 1] [Warning] Unknown message type from client: 0: network message(type 111, 81B)
2026.06.27@23:54:19.214: [Test Scene 1] [Warning] Unknown message type from client: 0: network message(type 112, 81B)
2026.06.27@23:54:19.214: [Test Scene 1] [Warning] Unknown message type from client: 0: network message(type 113, 81B)
2026.06.27@23:54:19.214: [Test Scene 1] [Warning] Unknown message type from client: 0: network message(type 114, 81B)
2026.06.27@23:54:19.214: [Test Scene 1] [Warning] Unknown message type from client: 0: network message(type 115, 81B)
2026.06.27@23:54:19.214: [Test Scene 1] [Warning] Unknown message type from client: 0: network message(type 116, 81B)
2026.06.27@23:54:19.214: [Test Scene 1] [Warning] Unknown message type from client: 0: network message(type 117, 81B)
2026.06.27@23:54:19.215: [Test Scene 1] [Warning] Unknown message type from client: 0: network message(type 118, 81B)
2026.06.27@23:54:19.215: [Test Scene 1] [Warning] Unknown message type from client: 0: network message(type 119, 81B)
2026.06.27@23:54:19.215: [Test Scene 1] [Warning] Unknown message type from client: 0: network message(type 120, 81B)
2026.06.27@23:54:19.215: [Test Scene 1] [Warning] Unknown message type from client: 0: network message(type 121, 81B)
2026.06.27@23:54:19.215: [Test Scene 1] [Warning] Unknown message type from client: 0: network message(type 122, 81B)
2026.06.27@23:54:19.215: [Test Scene 1] [Warning] Unknown message type from client: 0: network message(type 123, 81B)
2026.06.27@23:54:19.215: [Test Scene 1] [Warning] Unknown message type from client: 0: network message(type 124, 81B)
2026.06.27@23:54:19.215: [Test Scene 1] [Warning] Unknown message type from client: 0: network message(type 125, 81B)
2026.06.27@23:54:19.215: [Test Scene 1] [Warning] Unknown message type from client: 0: network message(type 126, 81B)
2026.06.27@23:54:19.215: [Test Scene 1] [Warning] Unknown message type from client: 0: network message(type 127, 81B)
2026.06.27@23:54:19.215: [Test Scene 1] [Warning] Unknown message type from client: 0: network message(type 128, 81B)
2026.06.27@23:54:19.215: [Test Scene 1] [Warning] Unknown message type from client: 0: network message(type 129, 81B)
2026.06.27@23:54:19.215: [Test Scene 1] [Warning] Unknown message type from client: 0: network message(type 130, 81B)
2026.06.27@23:54:19.215: [Test Scene 1] [Warning] Unknown message type from client: 0: network message(type 131, 81B)
2026.06.27@23:54:19.215: [Test Scene 1] [Warning] Unknown message type from client: 0: network message(type 132, 81B)
2026.06.27@23:54:19.215: [Test Scene 1] [Warning] Unknown message type from client: 0: network message(type 133, 81B)
2026.06.27@23:54:19.215: [Test Scene 1] [Warning] Unknown message type from client: 0: network message(type 134, 81B)
2026.06.27@23:54:19.215: [Test Scene 1] [Warning] Unknown message type from client: 0: network message(type 135, 81B)
2026.06.27@23:54:19.215: [Test Scene 1] [Warning] Unknown message type from client: 0: network message(type 136, 81B)
2026.06.27@23:54:19.215: [Test Scene 1] [Warning] Unknown message type from client: 0: network message(type 137, 81B)
2026.06.27@23:54:19.215: [Test Scene 1] [Warning] Unknown message type from client: 0: network message(type 138, 81B)
2026.06.27@23:54:19.215: [Test Scene 1] [Warning] Unknown message type from client: 0: network message(type 139, 81B)
2026.06.27@23:54:19.215: [Test Scene 1] [Warning] Unknown message type from client: 0: network message(type 140, 81B)
2026.06.27@23:54:19.215: [Test Scene 1] [Warning] Unknown message type from client: 0: network message(type 141, 81B)
2026.06.27@23:54:19.215: [Test Scene 1] [Warning] Unknown message type from client: 0: network message(type 142, 81B)
2026.06.27@23:54:19.215: [Test Scene 1] [Warning] Unknown message type from client: 0: network message(type 143, 81B)
2026.06.27@23:54:19.215: [Test Scene 1] [Warning] Unknown message type from client: 0: network message(type 144, 81B)
2026.06.27@23:54:19.215: [Test Scene 1] [Warning] Unknown message type from client: 0: network message(type 145, 81B)
2026.06.27@23:54:19.215: [Test Scene 1] [Warning] Unknown message type from client: 0: network message(type 146, 81B)
2026.06.27@23:54:19.215: [Test Scene 1] [Warning] Unknown message type from client: 0: network message(type 147, 81B)
2026.06.27@23:54:19.215: [Test Scene 1] [Warning] Unknown message type from client: 0: network message(type 148, 81B)
2026.06.27@23:54:19.215: [Test Scene 1] [Warning] Unknown message type from client: 0: network message(type 149, 81B)
2026.06.27@23:54:19.215: [Test Scene 1] [Warning] Unknown message type from client: 0: network message(type 150, 81B)
2026.06.27@23:54:19.215: [Test Scene 1] [Warning] Unknown message type from client: 0: network message(type 151, 81B)
2026.06.27@23:54:19.215: [Test Scene 1] [Warning] Unknown message type from client: 0: network message(type 152, 81B)
2026.06.27@23:54:19.215: [Test Scene 1] [Warning] Unknown message type from client: 0: network message(type 153, 81B)
2026.06.27@23:54:19.215: [Test Scene 1] [Warning] Unknown message type from client: 0: network message(type 154, 81B)
2026.06.27@23:54:19.215: [Test Scene 1] [Warning] Unknown message type from client: 0: network message(type 155, 81B)
2026.06.27@23:54:19.215: [Test Scene 1] [Warning] Unknown message type from client: 0: network message(type 156, 81B)
2026.06.27@23:54:19.215: [Test Scene 1] [Warning] Unknown message type from client: 0: network message(type 157, 81B)
2026.06.27@23:54:19.215: [Test Scene 1] [Warning] Unknown message type from client: 0: network message(type 158, 81B)
2026.06.27@23:54:19.215: [Test Scene 1] [Warning] Unknown message type from client: 0: network message(type 159, 81B)
2026.06.27@23:54:19.215: [Test Scene 1] [Warning] Unknown message type from client: 0: network message(type 160, 81B)
2026.06.27@23:54:19.215: [Test Scene 1] [Warning] Unknown message type from client: 0: network message(type 161, 81B)
2026.06.27@23:54:19.215: [Test Scene 1] [Warning] Unknown message type from client: 0: network message(type 162, 81B)
2026.06.27@23:54:19.215: [Test Scene 1] [Warning] Unknown message type from client: 0: network message(type 163, 81B)
2026.06.27@23:54:19.215: [Test Scene 1] [Warning] Unknown message type from client: 0: network message(type 164, 81B)
2026.06.27@23:54:19.215: [Test Scene 1] [Warning] Unknown message type from client: 0: network message(type 165, 81B)
2026.06.27@23:54:19.215: [Test Scene 1] [Warning] Unknown message type from client: 0: network message(type 166, 81B)
2026.06.27@23:54:19.215: [Test Scene 1] [Warning] Unknown message type from client: 0: network message(type 167, 81B)
2026.06.27@23:54:19.215: [Test Scene 1] [Warning] Unknown message type from client: 0: network message(type 168, 81B)
2026.06.27@23:54:19.215: [Test Scene 1] [Warning] Unknown message type from client: 0: network message(type 169, 81B)
2026.06.27@23:54:19.215: [Test Scene 1] [Warning] Unknown message type from client: 0: network message(type 170, 81B)
2026.06.27@23:54:19.215: [Test Scene 1] [Warning] Unknown message type from client: 0: network message(type 171, 81B)
2026.06.27@23:54:19.215: [Test Scene 1] [Warning] Unknown message type from client: 0: network message(type 172, 81B)
2026.06.27@23:54:19.215: [Test Scene 1] [Warning] Unknown message type from client: 0: network message(type 173, 81B)
2026.06.27@23:54:19.215: [Test Scene 1] [Warning] Unknown message type from client: 0: network message(type 174, 81B)
2026.06.27@23:54:19.215: [Test Scene 1] [Warning] Unknown message type from client: 0: network message(type 175, 81B)
2026.06.27@23:54:19.215: [Test Scene 1] [Warning] Unknown message type from client: 0: network message(type 176, 81B)
2026.06.27@23:54:19.215: [Test Scene 1] [Warning] Unknown message type from client: 0: network message(type 177, 81B)
2026.06.27@23:54:19.215: [Test Scene 1] [Warning] Unknown message type from client: 0: network message(type 178, 81B)
2026.06.27@23:54:19.215: [Test Scene 1] [Warning] Unknown message type from client: 0: network message(type 179, 81B)
2026.06.27@23:54:19.215: [Test Scene 1] [Warning] Unknown message type from client: 0: network message(type 180, 81B)
2026.06.27@23:54:19.215: [Test Scene 1] [Warning] Unknown message type from client: 0: network message(type 181, 81B)
2026.06.27@23:54:19.215: [Test Scene 1] [Warning] Unknown message type from client: 0: network message(type 182, 81B)
2026.06.27@23:54:19.215: [Test Scene 1] [Warning] Unknown message type from client: 0: network message(type 183, 81B)
2026.06.27@23:54:19.215: [Test Scene 1] [Warning] Unknown message type from client: 0: network message(type 184, 81B)
2026.06.27@23:54:19.215: [Test Scene 1] [Warning] Unknown message type from client: 0: network message(type 185, 81B)
2026.06.27@23:54:19.215: [Test Scene 1] [Warning] Unknown message type from client: 0: network message(type 186, 81B)
2026.06.27@23:54:19.215: [Test Scene 1] [Warning] Unknown message type from client: 0: network message(type 187, 81B)
2026.06.27@23:54:19.215: [Test Scene 1] [Warning] Unknown message type from client: 0: network message(type 188, 81B)
2026.06.27@23:54:19.215: [Test Scene 1] [Warning] Unknown message type from client: 0: network message(type 189, 81B)
2026.06.27@23:54:19.216: [Test Scene 1] [Warning] Unknown message type from client: 0: network message(type 190, 81B)
2026.06.27@23:54:19.216: [Test Scene 1] [Warning] Unknown message type from client: 0: network message(type 191, 81B)
2026.06.27@23:54:19.216: [Test Scene 1] [Warning] Unknown message type from client: 0: network message(type 192, 81B)
2026.06.27@23:54:19.216: [Test Scene 1] [Warning] Unknown message type from client: 0: network message(type 193, 81B)
2026.06.27@23:54:19.216: [Test Scene 1] [Warning] Unknown message type from client: 0: network message(type 194, 81B)
2026.06.27@23:54:19.216: [Test Scene 1] [Warning] Unknown message type from client: 0: network message(type 195, 81B)
2026.06.27@23:54:19.216: [Test Scene 1] [Warning] Unknown message type from client: 0: network message(type 196, 81B)
2026.06.27@23:54:19.216: [Test Scene 1] [Warning] Unknown message type from client: 0: network message(type 197, 81B)
2026.06.27@23:54:19.216: [Test Scene 1] [Warning] Unknown message type from client: 0: network message(type 198, 81B)
2026.06.27@23:54:19.216: [Test Scene 1] [Warning] Unknown message type from client: 0: network message(type 199, 81B)
2026.06.27@23:54:21.522: [Test Scene 1] [Information] Client 10 gave position vector(31.0, 44.0)
2026.06.27@23:54:21.790: [Test Scene 1] [Warning] Unknown message type from client: 0: network message(type 100, 81B)
2026.06.27@23:54:21.790: [Test Scene 1] [Warning] Unknown message type from client: 0: network message(type 101, 81B)
2026.06.27@23:54:21.790: [Test Scene 1] [Warning] Unknown message type from client: 0: network message(type 102, 81B)
2026.06.27@23:54:21.790: [Test Scene 1] [Warning] Unknown message type from client: 0: network message(type 103, 81B)
2026.06.27@23:54:21.790: [Test Scene 1] [Warning] Unknown message type from client: 0: network message(type 104, 81B)
2026.06.27@23:54:21.790: [Test Scene 1] [Warning] Unknown message type from client: 0: network message(type 105, 81B)
2026.06.27@23:54:21.790: [Test Scene 1] [Warning] Unknown message type from client: 0: network message(type 106, 81B)
2026.06.27@23:54:21.790: [Test Scene 1] [Warning] Unknown message type from client: 0: network message(type 107, 81B)
2026.06.27@23:54:21.790: [Test Scene 1] [Warning] Unknown message type from client: 0: network message(type 108, 81B)
2026.06.27@23:54:21.790: [Test Scene 1] [Warning] Unknown message type from client: 0: network message(type 109, 81B)
2026.06.27@23:54:21.791: [Test Scene 1] [Warning] Unknown message type from client: 0: network message(type 110, 81B)
2026.06.27@23:54:21.791: [Test Scene 1] [Warning] Unknown message type from client: 0: network message(type 111, 81B)
2026.06.27@23:54:21.791: [Test Scene 1] [Warning] Unknown message type from client: 0: network message(type 112, 81B)
2026.06.27@23:54:21.791: [Test Scene 1] [Warning] Unknown message type from client: 0: network message(type 113, 81B)
2026.06.27@23:54:21.791: [Test Scene 1] [Warning] Unknown message type from client: 0: network message(type 114, 81B)
2026.06.27@23:54:21.791: [Test Scene 1] [Warning] Unknown message type from client: 0: network message(type 115, 81B)
2026.06.27@23:54:21.791: [Test Scene 1] [Warning] Unknown message type from client: 0: network message(type 116, 81B)
2026.06.27@23:54:21.791: [Test Scene 1] [Warning] Unknown message type from client: 0: network message(type 117, 81B)
2026.06.27@23:54:21.791: [Test Scene 1] [Warning] Unknown message type from client: 0: network message(type 118, 81B)
2026.06.27@23:54:21.791: [Test Scene 1] [Warning] Unknown message type from client: 0: network message(type 119, 81B)
2026.06.27@23:54:21.791: [Test Scene 1] [Warning] Unknown message type from client: 0: network message(type 120, 81B)
2026.06.27@23:54:21.791: [Test Scene 1] [Warning] Unknown message type from client: 0: network message(type 121, 81B)
2026.06.27@23:54:21.791: [Test Scene 1] [Warning] Unknown message type from client: 0: network message(type 122, 81B)
2026.06.27@23:54:21.791: [Test Scene 1] [Warning] Unknown message type from client: 0: network message(type 123, 81B)
2026.06.27@23:54:21.791: [Test Scene 1] [Warning] Unknown message type from client: 0: network message(type 124, 81B)
2026.06.27@23:54:21.791: [Test Scene 1] [Warning] Unknown message type from client: 0: network message(type 125, 81B)
2026.06.27@23:54:21.791: [Test Scene 1] [Warning] Unknown message type from client: 0: network message(type 126, 81B)
2026.06.27@23:54:21.791: [Test Scene 1] [Warning] Unknown message type from client: 0: network message(type 127, 81B)
2026.06.27@23:54:21.791: [Test Scene 1] [Warning] Unknown message type from client: 0: network message(type 128, 81B)
2026.06.27@23:54:21.791: [Test Scene 1] [Warning] Unknown message type from client: 0: network message(type 129, 81B)
2026.06.27@23:54:21.791: [Test Scene 1] [Warning] Unknown message type from client: 0: network message(type 130, 81B)
2026.06.27@23:54:21.791: [Test Scene 1] [Warning] Unknown message type from client: 0: network message(type 131, 81B)
2026.06.27@23:54:21.791: [Test Scene 1] [Warning] Unknown message type from client: 0: network message(type 132, 81B)
2026.06.27@23:54:21.791: [Test Scene 1] [Warning] Unknown message type from client: 0: network message(type 133, 81B)
2026.06.27@23:54:21.791: [Test Scene 1] [Warning] Unknown message type from client: 0: network message(type 134, 81B)
2026.06.27@23:54:21.791: [Test Scene 1] [Warning] Unknown message type from client: 0: network message(type 135, 81B)
2026.06.27@23:54:21.791: [Test Scene 1] [Warning] Unknown message type from client: 0: network message(type 136, 81B)
2026.06.27@23:54:21.791: [Test Scene 1] [Warning] Unknown message type from client: 0: network message(type 137, 81B)
2026.06.27@23:54:21.791: [Test Scene 1] [Warning] Unknown message type from client: 0: network message(type 138, 81B)
2026.06.27@23:54:21.791: [Test Scene 1] [Warning] Unknown message type from client: 0: network message(type 139, 81B)
2026.06.27@23:54:21.791: [Test Scene 1] [Warning] Unknown message type from client: 0: network message(type 140, 81B)
2026.06.27@23:54:21.791: [Test Scene 1] [Warning] Unknown message type from client: 0: network message(type 141, 81B)
2026.06.27@23:54:21.791: [Test Scene 1] [Warning] Unknown message type from client: 0: network message(type 142, 81B)
2026.06.27@23:54:21.791: [Test Scene 1] [Warning] Unknown message type from client: 0: network message(type 143, 81B)
2026.06.27@23:54:21.791: [Test Scene 1] [Warning] Unknown message type from client: 0: network message(type 144, 81B)
2026.06.27@23:54:21.791: [Test Scene 1] [Warning] Unknown message type from client: 0: network message(type 145, 81B)
2026.06.27@23:54:21.791: [Test Scene 1] [Warning] Unknown message type from client: 0: network message(type 146, 81B)
2026.06.27@23:54:21.791: [Test Scene 1] [Warning] Unknown message type from client: 0: network message(type 147, 81B)
2026.06.27@23:54:21.791: [Test Scene 1] [Warning] Unknown message type from client: 0: network message(type 148, 81B)
2026.06.27@23:54:21.791: [Test Scene 1] [Warning] Unknown message type from client: 0: network message(type 149, 81B)
2026.06.27@23:54:21.791: [Test Scene 1] [Warning] Unknown message type from client: 0: network message(type 150, 81B)
2026.06.27@23:54:21.791: [Test Scene 1] [Warning] Unknown message type from client: 0: network message(type 151, 81B)
2026.06.27@23:54:21.791: [Test Scene 1] [Warning] Unknown message type from client: 0: network message(type 152, 81B)
2026.06.27@23:54:21.791: [Test Scene 1] [Warning] Unknown message type from client: 0: network message(type 153, 81B)
2026.06.27@23:54:21.791: [Test Scene 1] [Warning] Unknown message type from client: 0: network message(type 154, 81B)
2026.06.27@23:54:21.791: [Test Scene 1] [Warning] Unknown message type from client: 0: network message(type 155, 81B)
2026.06.27@23:54:21.791: [Test Scene 1] [Warning] Unknown message type from client: 0: network message(type 156, 81B)
2026.06.27@23:54:21.791: [Test Scene 1] [Warning] Unknown message type from client: 0: network message(type 157, 81B)
2026.06.27@23:54:21.791: [Test Scene 1] [Warning] Unknown message type from client: 0: network message(type 158, 81B)
2026.06.27@23:54:21.791: [Test Scene 1] [Warning] Unknown message type from client: 0: network message(type 159, 81B)
2026.06.27@23:54:21.791: [Test Scene 1] [Warning] Unknown message type from client: 0: network message(type 160, 81B)
2026.06.27@23:54:21.791: [Test Scene 1] [Warning] Unknown message type from client: 0: network message(type 161, 81B)
2026.06.27@23:54:21.791: [Test Scene 1] [Warning] Unknown message type from client: 0: network message(type 162, 81B)
2026.06.27@23:54:21.791: [Test Scene 1] [Warning] Unknown message type from client: 0: network message(type 163, 81B)
2026.06.27@23:54:21.791: [Test Scene 1] [Warning] Unknown message type from client: 0: network message(type 164, 81B)
2026.06.27@23:54:21.791: [Test Scene 1] [Warning] Unknown message type from client: 0: network message(type 165, 81B)
2026.06.27@23:54:21.791: [Test Scene 1] [Warning] Unknown message type from client: 0: network message(type 166, 81B)
2026.06.27@23:54:21.791: [Test Scene 1] [Warning] Unknown message type from client: 0: network message(type 167, 81B)
2026.06.27@23:54:21.791: [Test Scene 1] [Warning] Unknown message type from client: 0: network message(type 168, 81B)
2026.06.27@23:54:21.791: [Test Scene 1] [Warning] Unknown message type from client: 0: network message(type 169, 81B)
2026.06.27@23:54:21.791: [Test Scene 1] [Warning] Unknown message type from client: 0: network message(type 170, 81B)
2026.06.27@23:54:21.791: [Test Scene 1] [Warning] Unknown message type from client: 0: network message(type 171, 81B)
2026.06.27@23:54:21.791: [Test Scene 1] [Warning] Unknown message type from client: 0: network message(type 172, 81B)
2026.06.27@23:54:21.791: [Test Scene 1] [Warning] Unknown message type from client: 0: network message(type 173, 81B)
2026.06.27@23:54:21.791: [Test Scene 1] [Warning] Unknown message type from client: 0: network message(type 174, 81B)
2026.06.27@23:54:21.791: [Test Scene 1] [Warning] Unknown message type from client: 0: network message(type 175, 81B)
2026.06.27@23:54:21.791: [Test Scene 1] [Warning] Unknown message type from client: 0: network message(type 176, 81B)
2026.06.27@23:54:21.791: [Test Scene 1] [Warning] Unknown message type from client: 0: network message(type 177, 81B)
2026.06.27@23:54:21.791: [Test Scene 1] [Warning] Unknown message type from client: 0: network message(type 178, 81B)
2026.06.27@23:54:21.791: [Test Scene 1] [Warning] Unknown message type from client: 0: network message(type 179, 81B)
2026.06.27@23:54:21.791: [Test Scene 1] [Warning] Unknown message type from client: 0: network message(type 180, 81B)
2026.06.27@23:54:21.791: [Test Scene 1] [Warning] Unknown message type from client: 0: network message(type 181, 81B)
2026.06.27@23:54:21.791: [Test Scene 1] [Warning] Unknown message type from client: 0: network message(type 182, 81B)
2026.06.27@23:54:21.791: [Test Scene 1] [Warning] Unknown message type from client: 0: network message(type 183, 81B)
2026.06.27@23:54:21.791: [Test Scene 1] [Warning] Unknown message type from client: 0: network message(type 184, 81B)
2026.06.27@23:54:21.791: [Test Scene 1] [Warning] Unknown message type from client: 0: network message(type 185, 81B)
2026.06.27@23:54:21.791: [Test Scene 1] [Warning] Unknown message type from client: 0: network message(type 186, 81B)
2026.06.27@23:54:21.791: [Test Scene 1] [Warning] Unknown message type from client: 0: network message(type 187, 81B)
2026.06.27@23:54:21.791: [Test Scene 1] [Warning] Unknown message type from client: 0: network message(type 188, 81B)
2026.06.27@23:54:21.791: [Test Scene 1] [Warning] Unknown message type from client: 0: network message(type 189, 81B)
2026.06.27@23:54:21.791: [Test Scene 1] [Warning] Unknown message type from client: 0: network message(type 190, 81B)
2026.06.27@23:54:21.791: [Test Scene 1] [Warning] Unknown message type from client: 0: network message(type 191, 81B)
2026.06.27@23:54:21.791: [Test Scene 1] [Warning] Unknown message type from client: 0: network message(type 192, 81B)
2026.06.27@23:54:21.791: [Test Scene 1] [Warning] Unknown message type from client: 0: network message(type 193, 81B)
2026.06.27@23:54:21.791: [Test Scene 1] [Warning] Unknown message type from client: 0: network message(type 194, 81B)
2026.06.27@23:54:21.791: [Test Scene 1] [Warning] Unknown message type from client: 0: network message(type 195, 81B)
2026.06.27@23:54:21.792: [Test Scene 1] [Warning] Unknown message type from client: 0: network message(type 196, 81B)
2026.06.27@23:54:21.792: [Test Scene 1] [Warning] Unknown message type from client: 0: network message(type 197, 81B)
2026.06.27@23:54:21.792: [Test Scene 1] [Warning] Unknown message type from client: 0: network message(type 198, 81B)
2026.06.27@23:54:21.792: [Test Scene 1] [Warning] Unknown message type from client: 0: network message(type 199, 81B)
2026.06.27@23:54:22.887: [Test Scene 1] [Information] Dispatched message to server
2026.06.27@23:54:23.099: [Test Scene 1] [Information] Sending many messages rapidly
2026.06.27@23:54:25.693: [Test Scene 1] [Information] Dispatched message to server
2026.06.27@23:54:25.889: [Test Scene 1] [Information] Dispatched message to server
2026.06.27@23:54:26.107: [Test Scene 1] [Information] Dispatched message to server
2026.06.27@23:54:27.362: [Test Scene 1] [Information] Connecting/disconnecting rapidly
2026.06.27@23:54:27.363: [Network Client] [Information] Attempting connection to localhost:222 within 10s
2026.06.27@23:54:27.363: [Network Client] [Warning] Already connected to localhost:222
2026.06.27@23:54:27.363: [Network Client] [Information] Disconnecting network client from localhost:222
2026.06.27@23:54:27.364: [Network Client] [Information] Stopped connection thread
2026.06.27@23:54:27.364: [Network Client] [Information] Disconnecting network client from :0
2026.06.27@23:54:27.364: [Network Client] [Information] Started connection thread
2026.06.27@23:54:27.366: [Network Client] [Information] Stopped connection thread
2026.06.27@23:54:27.366: [Network Client] [Information] Attempting connection to localhost:222 within 10s
2026.06.27@23:54:27.366: [Network Client] [Information] Disconnecting network client from localhost:222
2026.06.27@23:54:27.366: [Network Client] [Information] Started connection thread
2026.06.27@23:54:27.366: [Network Client] [Warning] Failed to connect
2026.06.27@23:54:27.366: [Network Client] [Information] Disconnecting network client from :0
2026.06.27@23:54:27.366: [Network Client] [Warning] Failed to join connection thread
2026.06.27@23:54:27.366: [Network Client] [Information] Stopped connection thread
2026.06.27@23:54:27.366: [Network Client] [Information] Stopped connection thread
2026.06.27@23:54:27.366: [Network Client] [Information] Attempting connection to localhost:222 within 10s
2026.06.27@23:54:27.366: [Network Client] [Information] Disconnecting network client from :0
2026.06.27@23:54:27.366: [Network Client] [Information] Started connection thread
2026.06.27@23:54:27.367: [Network Client] [Information] Stopped connection thread
2026.06.27@23:54:27.367: [Network Client] [Information] Attempting connection to localhost:222 within 10s
2026.06.27@23:54:27.367: [Network Client] [Information] Started connection thread
2026.06.27@23:54:27.367: [Network Client] [Information] Disconnecting network client from localhost:222
2026.06.27@23:54:27.368: [Network Client] [Information] Stopped connection thread
2026.06.27@23:54:27.369: [Network Client] [Information] Attempting connection to localhost:222 within 10s
2026.06.27@23:54:27.369: [Network Client] [Information] Disconnecting network client from localhost:222
2026.06.27@23:54:27.369: [Network Client] [Information] Started connection thread
2026.06.27@23:54:27.369: [Network Client] [Warning] Failed to connect
2026.06.27@23:54:27.369: [Network Client] [Information] Disconnecting network client from :0
2026.06.27@23:54:27.369: [Network Client] [Warning] Failed to join connection thread
2026.06.27@23:54:27.369: [Network Client] [Information] Stopped connection thread
2026.06.27@23:54:27.369: [Network Client] [Information] Stopped connection thread
2026.06.27@23:54:27.369: [Network Client] [Information] Attempting connection to localhost:222 within 10s
2026.06.27@23:54:27.369: [Network Client] [Information] Disconnecting network client from :0
2026.06.27@23:54:27.369: [Network Client] [Information] Started connection thread
2026.06.27@23:54:27.370: [Network Client] [Information] Stopped connection thread
2026.06.27@23:54:27.370: [Network Client] [Information] Attempting connection to localhost:222 within 10s
2026.06.27@23:54:27.370: [Network Client] [Information] Started connection thread
2026.06.27@23:54:27.370: [Network Client] [Information] Disconnecting network client from localhost:222
2026.06.27@23:54:27.370: [Network Client] [Warning] Failed to connect
2026.06.27@23:54:27.370: [Network Client] [Information] Disconnecting network client from :0
2026.06.27@23:54:27.370: [Network Client] [Warning] Failed to join connection thread
2026.06.27@23:54:27.370: [Network Client] [Information] Stopped connection thread
2026.06.27@23:54:27.370: [Network Client] [Information] Stopped connection thread
2026.06.27@23:54:27.370: [Network Client] [Information] Attempting connection to localhost:222 within 10s
2026.06.27@23:54:27.370: [Network Client] [Information] Disconnecting network client from :0
2026.06.27@23:54:27.370: [Network Client] [Information] Started connection thread
2026.06.27@23:54:27.371: [Network Client] [Information] Stopped connection thread
2026.06.27@23:54:27.371: [Network Client] [Information] Attempting connection to localhost:222 within 10s
2026.06.27@23:54:27.371: [Network Client] [Information] Disconnecting network client from localhost:222
2026.06.27@23:54:27.371: [Network Client] [Information] Started connection thread
2026.06.27@23:54:27.372: [Network Client] [Warning] Failed to connect
2026.06.27@23:54:27.372: [Network Client] [Information] Disconnecting network client from :0
2026.06.27@23:54:27.372: [Network Client] [Warning] Failed to join connection thread
2026.06.27@23:54:27.372: [Network Client] [Information] Stopped connection thread
2026.06.27@23:54:27.372: [Network Client] [Information] Stopped connection thread
2026.06.27@23:54:27.372: [Network Client] [Information] Attempting connection to localhost:222 within 10s
2026.06.27@23:54:27.372: [Network Client] [Information] Started connection thread
2026.06.27@23:54:27.372: [Network Client] [Information] Disconnecting network client from :0
2026.06.27@23:54:27.372: [Network Client] [Warning] Failed to connect
2026.06.27@23:54:27.372: [Network Client] [Information] Disconnecting network client from :0
2026.06.27@23:54:27.372: [Network Client] [Warning] Failed to join connection thread
2026.06.27@23:54:27.372: [Network Client] [Information] Stopped connection thread
2026.06.27@23:54:27.372: [Network Client] [Information] Stopped connection thread
2026.06.27@23:54:27.379: [Network Client] [Information] Disconnected
2026.06.27@23:54:27.379: [Test Scene 1] [Information] Network client disconnected
2026.06.27@23:54:32.297: [Test Scene 1] [Warning] Cannot send messages, not connected to server
2026.06.27@23:54:32.492: [Test Scene 1] [Information] Connecting/disconnecting rapidly
2026.06.27@23:54:32.492: [Network Client] [Information] Attempting connection to localhost:222 within 10s
2026.06.27@23:54:32.492: [Network Client] [Information] Disconnecting network client from :0
2026.06.27@23:54:32.492: [Network Client] [Information] Started connection thread
2026.06.27@23:54:32.494: [Network Client] [Information] Stopped connection thread
2026.06.27@23:54:32.494: [Network Client] [Information] Attempting connection to localhost:222 within 10s
2026.06.27@23:54:32.494: [Network Client] [Information] Disconnecting network client from localhost:222
2026.06.27@23:54:32.494: [Network Client] [Information] Started connection thread
2026.06.27@23:54:32.494: [Network Client] [Warning] Failed to connect
2026.06.27@23:54:32.494: [Network Client] [Information] Disconnecting network client from :0
2026.06.27@23:54:32.494: [Network Client] [Warning] Failed to join connection thread
2026.06.27@23:54:32.494: [Network Client] [Information] Stopped connection thread
2026.06.27@23:54:32.494: [Network Client] [Information] Stopped connection thread
2026.06.27@23:54:32.494: [Network Client] [Information] Attempting connection to localhost:222 within 10s
2026.06.27@23:54:32.494: [Network Client] [Information] Disconnecting network client from :0
2026.06.27@23:54:32.494: [Network Client] [Information] Started connection thread
2026.06.27@23:54:32.495: [Network Client] [Information] Stopped connection thread
2026.06.27@23:54:32.495: [Network Client] [Information] Attempting connection to localhost:222 within 10s
2026.06.27@23:54:32.495: [Network Client] [Information] Disconnecting network client from localhost:222
2026.06.27@23:54:32.495: [Network Client] [Information] Started connection thread
2026.06.27@23:54:32.495: [Network Client] [Warning] Failed to connect
2026.06.27@23:54:32.495: [Network Client] [Information] Disconnecting network client from :0
2026.06.27@23:54:32.495: [Network Client] [Warning] Failed to join connection thread
2026.06.27@23:54:32.495: [Network Client] [Information] Stopped connection thread
2026.06.27@23:54:32.495: [Network Client] [Information] Stopped connection thread
2026.06.27@23:54:32.495: [Network Client] [Information] Attempting connection to localhost:222 within 10s
2026.06.27@23:54:32.495: [Network Client] [Information] Started connection thread
2026.06.27@23:54:32.495: [Network Client] [Information] Disconnecting network client from :0
2026.06.27@23:54:32.495: [Network Client] [Warning] Failed to connect
2026.06.27@23:54:32.495: [Network Client] [Information] Disconnecting network client from :0
2026.06.27@23:54:32.495: [Network Client] [Warning] Failed to join connection thread
2026.06.27@23:54:32.495: [Network Client] [Information] Stopped connection thread
2026.06.27@23:54:32.495: [Network Client] [Information] Stopped connection thread
2026.06.27@23:54:32.495: [Network Client] [Information] Attempting connection to localhost:222 within 10s
2026.06.27@23:54:32.495: [Network Client] [Information] Disconnecting network client from :0
2026.06.27@23:54:32.495: [Network Client] [Information] Started connection thread
2026.06.27@23:54:32.496: [Network Client] [Information] Stopped connection thread
2026.06.27@23:54:32.496: [Network Client] [Information] Attempting connection to localhost:222 within 10s
2026.06.27@23:54:32.497: [Network Client] [Information] Disconnecting network client from localhost:222
2026.06.27@23:54:32.497: [Network Client] [Information] Started connection thread
2026.06.27@23:54:32.497: [Network Client] [Information] Stopped connection thread
2026.06.27@23:54:32.497: [Network Client] [Information] Attempting connection to localhost:222 within 10s
2026.06.27@23:54:32.497: [Network Client] [Information] Disconnecting network client from localhost:222
2026.06.27@23:54:32.497: [Network Client] [Information] Started connection thread
2026.06.27@23:54:32.497: [Network Client] [Warning] Failed to connect
2026.06.27@23:54:32.497: [Network Client] [Information] Disconnecting network client from :0
2026.06.27@23:54:32.497: [Network Client] [Warning] Failed to join connection thread
2026.06.27@23:54:32.498: [Network Client] [Information] Stopped connection thread
2026.06.27@23:54:32.498: [Network Client] [Information] Stopped connection thread
2026.06.27@23:54:32.498: [Network Client] [Information] Attempting connection to localhost:222 within 10s
2026.06.27@23:54:32.498: [Network Client] [Information] Disconnecting network client from :0
2026.06.27@23:54:32.498: [Network Client] [Information] Started connection thread
2026.06.27@23:54:32.498: [Network Client] [Information] Stopped connection thread
2026.06.27@23:54:32.498: [Network Client] [Information] Attempting connection to localhost:222 within 10s
2026.06.27@23:54:32.498: [Network Client] [Information] Disconnecting network client from localhost:222
2026.06.27@23:54:32.498: [Network Client] [Information] Started connection thread
2026.06.27@23:54:32.498: [Network Client] [Warning] Failed to connect
2026.06.27@23:54:32.498: [Network Client] [Information] Disconnecting network client from :0
2026.06.27@23:54:32.498: [Network Client] [Warning] Failed to join connection thread
2026.06.27@23:54:32.498: [Network Client] [Information] Stopped connection thread
2026.06.27@23:54:32.498: [Network Client] [Information] Stopped connection thread
2026.06.27@23:54:33.932: [Test Scene 1] [Warning] Cannot send messages, not connected to server
2026.06.27@23:54:34.127: [Test Scene 1] [Warning] Cannot send messages, not connected to server
2026.06.27@23:54:34.322: [Test Scene 1] [Warning] Cannot send messages, not connected to server
2026.06.27@23:54:39.214: [Test Scene 1] [Warning] Cannot send messages, not connected to server
2026.06.27@23:54:39.410: [Test Scene 1] [Warning] Cannot send messages, not connected to server
2026.06.27@23:54:39.604: [Test Scene 1] [Warning] Cannot send messages, not connected to server
2026.06.27@23:54:40.264: [Network Client] [Information] Attempting connection to localhost:222 within 10s
2026.06.27@23:54:40.265: [Test Scene 1] [Information] Attempting connection to server at localhost:222
2026.06.27@23:54:40.265: [Network Client] [Information] Started connection thread
2026.06.27@23:54:40.284: [Network Client] [Information] Connected to localhost:222
2026.06.27@23:54:40.284: [Test Scene 1] [Information] Network client connected
2026.06.27@23:54:40.284: [Test Scene 1] [Information] Clients already connected: [43, 57]
2026.06.27@23:54:41.104: [Test Scene 1] [Information] Client 43 gave position vector(53.0, 32.0)
2026.06.27@23:54:41.297: [Test Scene 1] [Information] Client 43 disconnected from server
2026.06.27@23:54:41.298: [Test Scene 1] [Information] New client 59 connected to server
2026.06.27@23:54:41.660: [Test Scene 1] [Information] Client 59 gave position vector(52.0, 32.0)
2026.06.27@23:54:41.813: [Test Scene 1] [Information] Client 59 gave position vector(52.0, 32.0)
2026.06.27@23:54:42.005: [Test Scene 1] [Information] Client 59 gave position vector(52.0, 32.0)
2026.06.27@23:54:43.585: [Test Scene 1] [Information] Dispatched message to server
2026.06.27@23:54:43.941: [Test Scene 1] [Information] Dispatched message to server
2026.06.27@23:54:44.231: [Test Scene 1] [Information] Dispatched message to server
2026.06.27@23:54:44.802: [Test Scene 1] [Information] Client 59 gave position vector(85.0, 33.0)
2026.06.27@23:54:45.135: [Test Scene 1] [Information] Client 59 gave position vector(71.0, 71.0)
2026.06.27@23:54:45.478: [Test Scene 1] [Information] Client 59 gave position vector(18.0, 29.0)
2026.06.27@23:54:46.000: [Test Scene 1] [Information] Client 57 gave position vector(99.0, 23.0)
2026.06.27@23:54:46.348: [Test Scene 1] [Information] Client 57 gave position vector(67.0, 59.0)
2026.06.27@23:54:49.832: [Test Scene 1] [Information] Client 57 disconnected from server
2026.06.27@23:54:50.677: [Test Scene 1] [Information] Client 59 disconnected from server
2026.06.27@23:54:53.886: [Network Client] [Information] Disconnected
2026.06.27@23:54:53.886: [Test Scene 1] [Information] Network client disconnected
2026.06.27@23:54:56.930: [MarasmiumKit App] [Information] Finished main application loop
2026.06.27@23:54:56.931: [MarasmiumKit App] [Information] Destroying MarasmiumKit application framework
2026.06.27@23:54:56.931: [MarasmiumKit App] [Information] Freeing all scenes
2026.06.27@23:54:56.931: [Test Scene 1] [Information] Leaving test scene 1
2026.06.27@23:54:56.931: [Test Scene 1] [Information] Destroying test scene 1
2026.06.27@23:54:56.931: [MarasmiumKit App] [Information] Destroying graphics system
2026.06.27@23:54:56.931: [Graphics System] [Information] Destroying graphics system
2026.06.27@23:54:56.931: [MarasmiumKit App] [Information] Destroying network client
2026.06.27@23:54:56.931: [Network Client] [Information] Destroying network client
2026.06.27@23:54:56.931: [Network Client] [Warning] Currently connecting or connected to :0
2026.06.27@23:54:56.931: [Network Client] [Information] Disconnecting network client from :0
2026.06.27@23:54:56.931: [Network Client] [Information] Stopped connection thread
2026.06.27@23:54:56.931: [Network Client] [Information] Destroyed network client
2026.06.27@23:54:56.931: [MarasmiumKit App] [Information] Destroying user-input management system
2026.06.27@23:54:56.931: [User-Input Management System] [Information] Destroying user-input management system
2026.06.27@23:54:56.932: [User-Input Management System] [Information] Destroying mouse user-input management system
2026.06.27@23:54:56.932: [User-Input Management System] [Information] Destroying keyboard user-input management system
2026.06.27@23:54:56.932: [MarasmiumKit App] [Information] Destroying windowing system
2026.06.27@23:54:56.932: [Windowing System] [Information] Destroying windowing system
2026.06.27@23:54:56.936: [MarasmiumKit App] [Information] Destroying logging system
2026.06.27@23:54:56.936: [Logging System] [Information] Destroying logging system
